  Determining projects to restore...
  Restored C:\Users\udayk\Videos\FENBROWSER\FenBrowser.FenEngine\FenBrowser.FenEngine.csproj (in 191 ms).
  Restored c:\Users\udayk\Videos\FENBROWSER\FenBrowser.UI\FenBrowser.UI.csproj (in 191 ms).
  Restored C:\Users\udayk\Videos\FENBROWSER\FenBrowser.Desktop\FenBrowser.Desktop.csproj (in 191 ms).
  1 of 4 projects are up-to-date for restore.
  FenBrowser.Core -> C:\Users\udayk\Videos\FENBROWSER\FenBrowser.Core\bin\Debug\net8.0\FenBrowser.Core.dll
C:\Users\udayk\Videos\FENBROWSER\FenBrowser.FenEngine\Rendering\BrowserApi.cs(1222,39): warning CS0109: The member 'BrowserHost.CaptureScreenshotAsync()' does not hide an accessible member. The new keyword is not required. [C:\Users\udayk\Videos\FENBROWSER\FenBrowser.FenEngine\FenBrowser.FenEngine.csproj]
C:\Users\udayk\Videos\FENBROWSER\FenBrowser.FenEngine\Scripting\CanvasRenderingContext2D.cs(154,30): warning CS0168: The variable 'ex' is declared but never used [C:\Users\udayk\Videos\FENBROWSER\FenBrowser.FenEngine\FenBrowser.FenEngine.csproj]
C:\Users\udayk\Videos\FENBROWSER\FenBrowser.FenEngine\Scripting\JavaScriptEngine.cs(92,29): error CS1061: 'IJsHost' does not contain a definition for 'ConsoleMessage' and no accessible extension method 'ConsoleMessage' accepting a first argument of type 'IJsHost' could be found (are you missing a using directive or an assembly reference?) [C:\Users\udayk\Videos\FENBROWSER\FenBrowser.FenEngine\FenBrowser.FenEngine.csproj]
C:\Users\udayk\Videos\FENBROWSER\FenBrowser.FenEngine\Core\Parser.cs(261,21): warning CS0219: The variable 'depth' is assigned but its value is never used [C:\Users\udayk\Videos\FENBROWSER\FenBrowser.FenEngine\FenBrowser.FenEngine.csproj]
C:\Users\udayk\Videos\FENBROWSER\FenBrowser.FenEngine\Rendering\BrowserApi.cs(543,35): warning CS1998: This async method lacks 'await' operators and will run synchronously. Consider using the 'await' operator to await non-blocking API calls, or 'await Task.Run(...)' to do CPU-bound work on a background thread. [C:\Users\udayk\Videos\FENBROWSER\FenBrowser.FenEngine\FenBrowser.FenEngine.csproj]
C:\Users\udayk\Videos\FENBROWSER\FenBrowser.FenEngine\Rendering\BrowserApi.cs(554,35): warning CS1998: This async method lacks 'await' operators and will run synchronously. Consider using the 'await' operator to await non-blocking API calls, or 'await Task.Run(...)' to do CPU-bound work on a background thread. [C:\Users\udayk\Videos\FENBROWSER\FenBrowser.FenEngine\FenBrowser.FenEngine.csproj]
C:\Users\udayk\Videos\FENBROWSER\FenBrowser.FenEngine\Rendering\BrowserApi.cs(559,35): warning CS1998: This async method lacks 'await' operators and will run synchronously. Consider using the 'await' operator to await non-blocking API calls, or 'await Task.Run(...)' to do CPU-bound work on a background thread. [C:\Users\udayk\Videos\FENBROWSER\FenBrowser.FenEngine\FenBrowser.FenEngine.csproj]
C:\Users\udayk\Videos\FENBROWSER\FenBrowser.FenEngine\Rendering\BrowserApi.cs(692,35): warning CS1998: This async method lacks 'await' operators and will run synchronously. Consider using the 'await' operator to await non-blocking API calls, or 'await Task.Run(...)' to do CPU-bound work on a background thread. [C:\Users\udayk\Videos\FENBROWSER\FenBrowser.FenEngine\FenBrowser.FenEngine.csproj]
C:\Users\udayk\Videos\FENBROWSER\FenBrowser.FenEngine\Rendering\CustomHtmlEngine.cs(514,64): warning CS1998: This async method lacks 'await' operators and will run synchronously. Consider using the 'await' operator to await non-blocking API calls, or 'await Task.Run(...)' to do CPU-bound work on a background thread. [C:\Users\udayk\Videos\FENBROWSER\FenBrowser.FenEngine\FenBrowser.FenEngine.csproj]
C:\Users\udayk\Videos\FENBROWSER\FenBrowser.FenEngine\Rendering\BrowserApi.cs(711,37): warning CS1998: This async method lacks 'await' operators and will run synchronously. Consider using the 'await' operator to await non-blocking API calls, or 'await Task.Run(...)' to do CPU-bound work on a background thread. [C:\Users\udayk\Videos\FENBROWSER\FenBrowser.FenEngine\FenBrowser.FenEngine.csproj]
C:\Users\udayk\Videos\FENBROWSER\FenBrowser.FenEngine\Rendering\CustomHtmlEngine.cs(622,56): warning CS1998: This async method lacks 'await' operators and will run synchronously. Consider using the 'await' operator to await non-blocking API calls, or 'await Task.Run(...)' to do CPU-bound work on a background thread. [C:\Users\udayk\Videos\FENBROWSER\FenBrowser.FenEngine\FenBrowser.FenEngine.csproj]
C:\Users\udayk\Videos\FENBROWSER\FenBrowser.FenEngine\Scripting\JavaScriptEngine.cs(881,28): warning CS1998: This async method lacks 'await' operators and will run synchronously. Consider using the 'await' operator to await non-blocking API calls, or 'await Task.Run(...)' to do CPU-bound work on a background thread. [C:\Users\udayk\Videos\FENBROWSER\FenBrowser.FenEngine\FenBrowser.FenEngine.csproj]
C:\Users\udayk\Videos\FENBROWSER\FenBrowser.FenEngine\Scripting\JavaScriptEngine.cs(907,28): warning CS1998: This async method lacks 'await' operators and will run synchronously. Consider using the 'await' operator to await non-blocking API calls, or 'await Task.Run(...)' to do CPU-bound work on a background thread. [C:\Users\udayk\Videos\FENBROWSER\FenBrowser.FenEngine\FenBrowser.FenEngine.csproj]
C:\Users\udayk\Videos\FENBROWSER\FenBrowser.FenEngine\Rendering\CustomHtmlEngine.cs(647,81): warning CS1998: This async method lacks 'await' operators and will run synchronously. Consider using the 'await' operator to await non-blocking API calls, or 'await Task.Run(...)' to do CPU-bound work on a background thread. [C:\Users\udayk\Videos\FENBROWSER\FenBrowser.FenEngine\FenBrowser.FenEngine.csproj]
C:\Users\udayk\Videos\FENBROWSER\FenBrowser.FenEngine\Rendering\SkiaDomRenderer.cs(425,62): warning CS0618: 'SKPaint.TextSize' is obsolete: 'Use SKFont.Size instead.' [C:\Users\udayk\Videos\FENBROWSER\FenBrowser.FenEngine\FenBrowser.FenEngine.csproj]
C:\Users\udayk\Videos\FENBROWSER\FenBrowser.FenEngine\Rendering\SkiaDomRenderer.cs(428,33): warning CS0618: 'SKPaint.MeasureText(string, ref SKRect)' is obsolete: 'Use SKFont.MeasureText() instead.' [C:\Users\udayk\Videos\FENBROWSER\FenBrowser.FenEngine\FenBrowser.FenEngine.csproj]
C:\Users\udayk\Videos\FENBROWSER\FenBrowser.FenEngine\Rendering\SkiaDomRenderer.cs(460,58): warning CS0618: 'SKPaint.TextSize' is obsolete: 'Use SKFont.Size instead.' [C:\Users\udayk\Videos\FENBROWSER\FenBrowser.FenEngine\FenBrowser.FenEngine.csproj]
C:\Users\udayk\Videos\FENBROWSER\FenBrowser.FenEngine\Rendering\SkiaDomRenderer.cs(463,29): warning CS0618: 'SKPaint.MeasureText(string, ref SKRect)' is obsolete: 'Use SKFont.MeasureText() instead.' [C:\Users\udayk\Videos\FENBROWSER\FenBrowser.FenEngine\FenBrowser.FenEngine.csproj]
C:\Users\udayk\Videos\FENBROWSER\FenBrowser.FenEngine\Rendering\SkiaDomRenderer.cs(688,21): warning CS0618: 'SKPaint.TextSize' is obsolete: 'Use SKFont.Size instead.' [C:\Users\udayk\Videos\FENBROWSER\FenBrowser.FenEngine\FenBrowser.FenEngine.csproj]
C:\Users\udayk\Videos\FENBROWSER\FenBrowser.FenEngine\Rendering\SkiaDomRenderer.cs(712,25): warning CS0618: 'SKPaint.Typeface' is obsolete: 'Use SKFont.Typeface instead.' [C:\Users\udayk\Videos\FENBROWSER\FenBrowser.FenEngine\FenBrowser.FenEngine.csproj]
C:\Users\udayk\Videos\FENBROWSER\FenBrowser.FenEngine\Rendering\SkiaDomRenderer.cs(732,62): warning CS0618: 'SKPaint.Typeface' is obsolete: 'Use SKFont.Typeface instead.' [C:\Users\udayk\Videos\FENBROWSER\FenBrowser.FenEngine\FenBrowser.FenEngine.csproj]
C:\Users\udayk\Videos\FENBROWSER\FenBrowser.FenEngine\Rendering\SkiaDomRenderer.cs(734,46): warning CS0618: 'SKShaper.Shape(string, SKPaint)' is obsolete: 'Use Shape(string text, SKFont font) instead.' [C:\Users\udayk\Videos\FENBROWSER\FenBrowser.FenEngine\FenBrowser.FenEngine.csproj]
C:\Users\udayk\Videos\FENBROWSER\FenBrowser.FenEngine\Rendering\SkiaDomRenderer.cs(736,47): warning CS0618: 'SKPaint.FontMetrics' is obsolete: 'Use SKFont.Metrics instead.' [C:\Users\udayk\Videos\FENBROWSER\FenBrowser.FenEngine\FenBrowser.FenEngine.csproj]
C:\Users\udayk\Videos\FENBROWSER\FenBrowser.FenEngine\Rendering\SkiaDomRenderer.cs(749,25): warning CS0618: 'SKPaint.MeasureText(string, ref SKRect)' is obsolete: 'Use SKFont.MeasureText() instead.' [C:\Users\udayk\Videos\FENBROWSER\FenBrowser.FenEngine\FenBrowser.FenEngine.csproj]
C:\Users\udayk\Videos\FENBROWSER\FenBrowser.FenEngine\Rendering\BrowserApi.cs(953,35): warning CS1998: This async method lacks 'await' operators and will run synchronously. Consider using the 'await' operator to await non-blocking API calls, or 'await Task.Run(...)' to do CPU-bound work on a background thread. [C:\Users\udayk\Videos\FENBROWSER\FenBrowser.FenEngine\FenBrowser.FenEngine.csproj]
C:\Users\udayk\Videos\FENBROWSER\FenBrowser.FenEngine\Core\Parser.cs(1286,18): warning CS0219: The variable 'isPrivate' is assigned but its value is never used [C:\Users\udayk\Videos\FENBROWSER\FenBrowser.FenEngine\FenBrowser.FenEngine.csproj]
C:\Users\udayk\Videos\FENBROWSER\FenBrowser.FenEngine\Rendering\RenderBox.cs(295,20): warning CS0219: The variable 'crossAxisMax' is assigned but its value is never used [C:\Users\udayk\Videos\FENBROWSER\FenBrowser.FenEngine\FenBrowser.FenEngine.csproj]
C:\Users\udayk\Videos\FENBROWSER\FenBrowser.FenEngine\Rendering\RenderTreeBuilder.cs(310,21): warning CS8073: The result of the expression is always 'false' since a value of type 'Thickness' is never equal to 'null' of type 'Thickness?' [C:\Users\udayk\Videos\FENBROWSER\FenBrowser.FenEngine\FenBrowser.FenEngine.csproj]
C:\Users\udayk\Videos\FENBROWSER\FenBrowser.FenEngine\Core\Parser.cs(2043,17): warning CS0219: The variable 'flags' is assigned but its value is never used [C:\Users\udayk\Videos\FENBROWSER\FenBrowser.FenEngine\FenBrowser.FenEngine.csproj]
C:\Users\udayk\Videos\FENBROWSER\FenBrowser.FenEngine\Rendering\CustomHtmlEngine.cs(925,68): warning CS1998: This async method lacks 'await' operators and will run synchronously. Consider using the 'await' operator to await non-blocking API calls, or 'await Task.Run(...)' to do CPU-bound work on a background thread. [C:\Users\udayk\Videos\FENBROWSER\FenBrowser.FenEngine\FenBrowser.FenEngine.csproj]
C:\Users\udayk\Videos\FENBROWSER\FenBrowser.FenEngine\Rendering\CustomHtmlEngine.cs(1425,86): warning CS1998: This async method lacks 'await' operators and will run synchronously. Consider using the 'await' operator to await non-blocking API calls, or 'await Task.Run(...)' to do CPU-bound work on a background thread. [C:\Users\udayk\Videos\FENBROWSER\FenBrowser.FenEngine\FenBrowser.FenEngine.csproj]
C:\Users\udayk\Videos\FENBROWSER\FenBrowser.FenEngine\Rendering\RendererStyles.cs(931,21): warning CS0618: 'RadialGradientBrush.Radius' is obsolete: 'Use RadiusX/RadiusY, note that those properties use _relative_ values, so Radius=0.55 would become RadiusX=55% RadiusY=55%. Radius property is always relative even if the rest of the brush uses absolute values.' [C:\Users\udayk\Videos\FENBROWSER\FenBrowser.FenEngine\FenBrowser.FenEngine.csproj]
C:\Users\udayk\Videos\FENBROWSER\FenBrowser.FenEngine\Rendering\SkiaDomRenderer.cs(2685,39): warning CS9191: The 'ref' modifier for argument 1 corresponding to 'in' parameter is equivalent to 'in'. Consider using 'in' instead. [C:\Users\udayk\Videos\FENBROWSER\FenBrowser.FenEngine\FenBrowser.FenEngine.csproj]
C:\Users\udayk\Videos\FENBROWSER\FenBrowser.FenEngine\Rendering\SkiaDomRenderer.cs(2784,21): warning CS0618: 'SKPaint.TextSize' is obsolete: 'Use SKFont.Size instead.' [C:\Users\udayk\Videos\FENBROWSER\FenBrowser.FenEngine\FenBrowser.FenEngine.csproj]
C:\Users\udayk\Videos\FENBROWSER\FenBrowser.FenEngine\Rendering\SkiaDomRenderer.cs(2828,25): warning CS0618: 'SKPaint.Typeface' is obsolete: 'Use SKFont.Typeface instead.' [C:\Users\udayk\Videos\FENBROWSER\FenBrowser.FenEngine\FenBrowser.FenEngine.csproj]
C:\Users\udayk\Videos\FENBROWSER\FenBrowser.FenEngine\Rendering\SkiaDomRenderer.cs(2975,30): warning CS0618: 'SKPaint.TextSize' is obsolete: 'Use SKFont.Size instead.' [C:\Users\udayk\Videos\FENBROWSER\FenBrowser.FenEngine\FenBrowser.FenEngine.csproj]
C:\Users\udayk\Videos\FENBROWSER\FenBrowser.FenEngine\Rendering\SkiaDomRenderer.cs(2978,30): warning CS0618: 'SKPaint.Typeface' is obsolete: 'Use SKFont.Typeface instead.' [C:\Users\udayk\Videos\FENBROWSER\FenBrowser.FenEngine\FenBrowser.FenEngine.csproj]
C:\Users\udayk\Videos\FENBROWSER\FenBrowser.FenEngine\Rendering\SkiaDomRenderer.cs(2983,34): warning CS0618: 'SKPaint.TextAlign' is obsolete: 'Use SKTextAlign method overloads instead.' [C:\Users\udayk\Videos\FENBROWSER\FenBrowser.FenEngine\FenBrowser.FenEngine.csproj]
C:\Users\udayk\Videos\FENBROWSER\FenBrowser.FenEngine\Rendering\SkiaDomRenderer.cs(2985,73): warning CS0618: 'SKPaint.TextSize' is obsolete: 'Use SKFont.Size instead.' [C:\Users\udayk\Videos\FENBROWSER\FenBrowser.FenEngine\FenBrowser.FenEngine.csproj]
C:\Users\udayk\Videos\FENBROWSER\FenBrowser.FenEngine\Rendering\SkiaDomRenderer.cs(2986,34): warning CS0618: 'SKCanvas.DrawText(string, float, float, SKPaint)' is obsolete: 'Use DrawText(string text, float x, float y, SKTextAlign textAlign, SKFont font, SKPaint paint) instead.' [C:\Users\udayk\Videos\FENBROWSER\FenBrowser.FenEngine\FenBrowser.FenEngine.csproj]
C:\Users\udayk\Videos\FENBROWSER\FenBrowser.FenEngine\Rendering\SkiaDomRenderer.cs(2992,71): warning CS0618: 'SKPaint.TextSize' is obsolete: 'Use SKFont.Size instead.' [C:\Users\udayk\Videos\FENBROWSER\FenBrowser.FenEngine\FenBrowser.FenEngine.csproj]
C:\Users\udayk\Videos\FENBROWSER\FenBrowser.FenEngine\Rendering\SkiaDomRenderer.cs(2996,34): warning CS0618: 'SKCanvas.DrawText(string, float, float, SKPaint)' is obsolete: 'Use DrawText(string text, float x, float y, SKTextAlign textAlign, SKFont font, SKPaint paint) instead.' [C:\Users\udayk\Videos\FENBROWSER\FenBrowser.FenEngine\FenBrowser.FenEngine.csproj]
C:\Users\udayk\Videos\FENBROWSER\FenBrowser.FenEngine\Rendering\SkiaDomRenderer.cs(3026,55): warning CS0618: 'SKPaint.FilterQuality' is obsolete: 'Use SKSamplingOptions instead.' [C:\Users\udayk\Videos\FENBROWSER\FenBrowser.FenEngine\FenBrowser.FenEngine.csproj]
C:\Users\udayk\Videos\FENBROWSER\FenBrowser.FenEngine\Rendering\SkiaDomRenderer.cs(3026,71): warning CS0618: 'SKFilterQuality' is obsolete: 'Use SKSamplingOptions instead.' [C:\Users\udayk\Videos\FENBROWSER\FenBrowser.FenEngine\FenBrowser.FenEngine.csproj]
C:\Users\udayk\Videos\FENBROWSER\FenBrowser.FenEngine\Rendering\SkiaDomRenderer.cs(3116,75): warning CS0618: 'SKPaint.TextSize' is obsolete: 'Use SKFont.Size instead.' [C:\Users\udayk\Videos\FENBROWSER\FenBrowser.FenEngine\FenBrowser.FenEngine.csproj]
C:\Users\udayk\Videos\FENBROWSER\FenBrowser.FenEngine\Rendering\SkiaDomRenderer.cs(3116,110): warning CS0618: 'SKPaint.TextAlign' is obsolete: 'Use SKTextAlign method overloads instead.' [C:\Users\udayk\Videos\FENBROWSER\FenBrowser.FenEngine\FenBrowser.FenEngine.csproj]
C:\Users\udayk\Videos\FENBROWSER\FenBrowser.FenEngine\Rendering\SkiaDomRenderer.cs(3120,23): warning CS0618: 'SKCanvas.DrawText(string, float, float, SKPaint)' is obsolete: 'Use DrawText(string text, float x, float y, SKTextAlign textAlign, SKFont font, SKPaint paint) instead.' [C:\Users\udayk\Videos\FENBROWSER\FenBrowser.FenEngine\FenBrowser.FenEngine.csproj]
C:\Users\udayk\Videos\FENBROWSER\FenBrowser.FenEngine\Rendering\SkiaDomRenderer.cs(3190,96): warning CS0618: 'SKPaint.TextSize' is obsolete: 'Use SKFont.Size instead.' [C:\Users\udayk\Videos\FENBROWSER\FenBrowser.FenEngine\FenBrowser.FenEngine.csproj]
C:\Users\udayk\Videos\FENBROWSER\FenBrowser.FenEngine\Rendering\SkiaDomRenderer.cs(3202,30): warning CS0618: 'SKCanvas.DrawText(string, float, float, SKPaint)' is obsolete: 'Use DrawText(string text, float x, float y, SKTextAlign textAlign, SKFont font, SKPaint paint) instead.' [C:\Users\udayk\Videos\FENBROWSER\FenBrowser.FenEngine\FenBrowser.FenEngine.csproj]
C:\Users\udayk\Videos\FENBROWSER\FenBrowser.FenEngine\Rendering\SkiaDomRenderer.cs(3236,38): warning CS0618: 'SKCanvas.DrawText(string, float, float, SKPaint)' is obsolete: 'Use DrawText(string text, float x, float y, SKTextAlign textAlign, SKFont font, SKPaint paint) instead.' [C:\Users\udayk\Videos\FENBROWSER\FenBrowser.FenEngine\FenBrowser.FenEngine.csproj]
C:\Users\udayk\Videos\FENBROWSER\FenBrowser.FenEngine\Rendering\SkiaDomRenderer.cs(3244,38): warning CS0618: 'SKCanvas.DrawText(string, float, float, SKPaint)' is obsolete: 'Use DrawText(string text, float x, float y, SKTextAlign textAlign, SKFont font, SKPaint paint) instead.' [C:\Users\udayk\Videos\FENBROWSER\FenBrowser.FenEngine\FenBrowser.FenEngine.csproj]
C:\Users\udayk\Videos\FENBROWSER\FenBrowser.FenEngine\Rendering\SkiaDomRenderer.cs(3252,38): warning CS0618: 'SKCanvas.DrawText(string, float, float, SKPaint)' is obsolete: 'Use DrawText(string text, float x, float y, SKTextAlign textAlign, SKFont font, SKPaint paint) instead.' [C:\Users\udayk\Videos\FENBROWSER\FenBrowser.FenEngine\FenBrowser.FenEngine.csproj]
C:\Users\udayk\Videos\FENBROWSER\FenBrowser.FenEngine\Rendering\SkiaDomRenderer.cs(3260,38): warning CS0618: 'SKCanvas.DrawText(string, float, float, SKPaint)' is obsolete: 'Use DrawText(string text, float x, float y, SKTextAlign textAlign, SKFont font, SKPaint paint) instead.' [C:\Users\udayk\Videos\FENBROWSER\FenBrowser.FenEngine\FenBrowser.FenEngine.csproj]
C:\Users\udayk\Videos\FENBROWSER\FenBrowser.FenEngine\Rendering\SkiaDomRenderer.cs(3270,38): warning CS0618: 'SKCanvas.DrawText(string, float, float, SKPaint)' is obsolete: 'Use DrawText(string text, float x, float y, SKTextAlign textAlign, SKFont font, SKPaint paint) instead.' [C:\Users\udayk\Videos\FENBROWSER\FenBrowser.FenEngine\FenBrowser.FenEngine.csproj]
C:\Users\udayk\Videos\FENBROWSER\FenBrowser.FenEngine\Rendering\SkiaDomRenderer.cs(3280,38): warning CS0618: 'SKCanvas.DrawText(string, float, float, SKPaint)' is obsolete: 'Use DrawText(string text, float x, float y, SKTextAlign textAlign, SKFont font, SKPaint paint) instead.' [C:\Users\udayk\Videos\FENBROWSER\FenBrowser.FenEngine\FenBrowser.FenEngine.csproj]
C:\Users\udayk\Videos\FENBROWSER\FenBrowser.FenEngine\Rendering\SkiaDomRenderer.cs(3290,38): warning CS0618: 'SKCanvas.DrawText(string, float, float, SKPaint)' is obsolete: 'Use DrawText(string text, float x, float y, SKTextAlign textAlign, SKFont font, SKPaint paint) instead.' [C:\Users\udayk\Videos\FENBROWSER\FenBrowser.FenEngine\FenBrowser.FenEngine.csproj]
C:\Users\udayk\Videos\FENBROWSER\FenBrowser.FenEngine\Rendering\SkiaDomRenderer.cs(3299,38): warning CS0618: 'SKCanvas.DrawText(string, float, float, SKPaint)' is obsolete: 'Use DrawText(string text, float x, float y, SKTextAlign textAlign, SKFont font, SKPaint paint) instead.' [C:\Users\udayk\Videos\FENBROWSER\FenBrowser.FenEngine\FenBrowser.FenEngine.csproj]
C:\Users\udayk\Videos\FENBROWSER\FenBrowser.FenEngine\Rendering\SkiaDomRenderer.cs(3694,39): warning CS0618: 'SKPaint.MeasureText(string)' is obsolete: 'Use SKFont.MeasureText() instead.' [C:\Users\udayk\Videos\FENBROWSER\FenBrowser.FenEngine\FenBrowser.FenEngine.csproj]
C:\Users\udayk\Videos\FENBROWSER\FenBrowser.FenEngine\Rendering\SkiaDomRenderer.cs(3706,40): warning CS0618: 'SKPaint.MeasureText(string)' is obsolete: 'Use SKFont.MeasureText() instead.' [C:\Users\udayk\Videos\FENBROWSER\FenBrowser.FenEngine\FenBrowser.FenEngine.csproj]
C:\Users\udayk\Videos\FENBROWSER\FenBrowser.FenEngine\Core\FenRuntime.cs(756,44): warning SYSLIB0013: 'Uri.EscapeUriString(string)' is obsolete: 'Uri.EscapeUriString can corrupt the Uri string in some cases. Consider using Uri.EscapeDataString for query string components instead.' (https://aka.ms/dotnet-warnings/SYSLIB0013) [C:\Users\udayk\Videos\FENBROWSER\FenBrowser.FenEngine\FenBrowser.FenEngine.csproj]
C:\Users\udayk\Videos\FENBROWSER\FenBrowser.FenEngine\Rendering\SkiaDomRenderer.cs(3742,46): warning CS0618: 'SKPaint.MeasureText(string)' is obsolete: 'Use SKFont.MeasureText() instead.' [C:\Users\udayk\Videos\FENBROWSER\FenBrowser.FenEngine\FenBrowser.FenEngine.csproj]
C:\Users\udayk\Videos\FENBROWSER\FenBrowser.FenEngine\Rendering\SkiaDomRenderer.cs(3747,31): warning CS0618: 'SKPaint.MeasureText(string)' is obsolete: 'Use SKFont.MeasureText() instead.' [C:\Users\udayk\Videos\FENBROWSER\FenBrowser.FenEngine\FenBrowser.FenEngine.csproj]
C:\Users\udayk\Videos\FENBROWSER\FenBrowser.FenEngine\Rendering\SkiaDomRenderer.cs(3761,29): warning CS0618: 'SKPaint.MeasureText(string)' is obsolete: 'Use SKFont.MeasureText() instead.' [C:\Users\udayk\Videos\FENBROWSER\FenBrowser.FenEngine\FenBrowser.FenEngine.csproj]
C:\Users\udayk\Videos\FENBROWSER\FenBrowser.FenEngine\Rendering\SkiaDomRenderer.cs(3774,63): warning CS0618: 'SKPaint.MeasureText(string)' is obsolete: 'Use SKFont.MeasureText() instead.' [C:\Users\udayk\Videos\FENBROWSER\FenBrowser.FenEngine\FenBrowser.FenEngine.csproj]
C:\Users\udayk\Videos\FENBROWSER\FenBrowser.FenEngine\Rendering\SkiaDomRenderer.cs(5180,54): warning CS0618: 'SKPaint.Typeface' is obsolete: 'Use SKFont.Typeface instead.' [C:\Users\udayk\Videos\FENBROWSER\FenBrowser.FenEngine\FenBrowser.FenEngine.csproj]
C:\Users\udayk\Videos\FENBROWSER\FenBrowser.FenEngine\Rendering\SkiaDomRenderer.cs(5182,25): warning CS0618: 'CanvasExtensions.DrawShapedText(SKCanvas, SKShaper, string, float, float, SKPaint)' is obsolete: 'Use DrawShapedText(SKShaper shaper, string text, float x, float y, SKTextAlign textAlign, SKFont font, SKPaint paint) instead.' [C:\Users\udayk\Videos\FENBROWSER\FenBrowser.FenEngine\FenBrowser.FenEngine.csproj]
C:\Users\udayk\Videos\FENBROWSER\FenBrowser.FenEngine\Rendering\SkiaDomRenderer.cs(5187,21): warning CS0618: 'SKCanvas.DrawText(string, float, float, SKPaint)' is obsolete: 'Use DrawText(string text, float x, float y, SKTextAlign textAlign, SKFont font, SKPaint paint) instead.' [C:\Users\udayk\Videos\FENBROWSER\FenBrowser.FenEngine\FenBrowser.FenEngine.csproj]
C:\Users\udayk\Videos\FENBROWSER\FenBrowser.FenEngine\Rendering\SkiaDomRenderer.cs(5199,21): warning CS0618: 'SKCanvas.DrawText(string, float, float, SKPaint)' is obsolete: 'Use DrawText(string text, float x, float y, SKTextAlign textAlign, SKFont font, SKPaint paint) instead.' [C:\Users\udayk\Videos\FENBROWSER\FenBrowser.FenEngine\FenBrowser.FenEngine.csproj]
C:\Users\udayk\Videos\FENBROWSER\FenBrowser.FenEngine\Rendering\SkiaDomRenderer.cs(5200,39): warning CS0618: 'SKPaint.MeasureText(string)' is obsolete: 'Use SKFont.MeasureText() instead.' [C:\Users\udayk\Videos\FENBROWSER\FenBrowser.FenEngine\FenBrowser.FenEngine.csproj]
C:\Users\udayk\Videos\FENBROWSER\FenBrowser.FenEngine\Rendering\SkiaDomRenderer.cs(5209,36): warning CS0618: 'SKPaint.MeasureText(string)' is obsolete: 'Use SKFont.MeasureText() instead.' [C:\Users\udayk\Videos\FENBROWSER\FenBrowser.FenEngine\FenBrowser.FenEngine.csproj]
C:\Users\udayk\Videos\FENBROWSER\FenBrowser.FenEngine\Rendering\SkiaDomRenderer.cs(5217,62): warning CS0618: 'SKPaint.Typeface' is obsolete: 'Use SKFont.Typeface instead.' [C:\Users\udayk\Videos\FENBROWSER\FenBrowser.FenEngine\FenBrowser.FenEngine.csproj]
C:\Users\udayk\Videos\FENBROWSER\FenBrowser.FenEngine\Rendering\SkiaDomRenderer.cs(5219,33): warning CS0618: 'CanvasExtensions.DrawShapedText(SKCanvas, SKShaper, string, float, float, SKPaint)' is obsolete: 'Use DrawShapedText(SKShaper shaper, string text, float x, float y, SKTextAlign textAlign, SKFont font, SKPaint paint) instead.' [C:\Users\udayk\Videos\FENBROWSER\FenBrowser.FenEngine\FenBrowser.FenEngine.csproj]
C:\Users\udayk\Videos\FENBROWSER\FenBrowser.FenEngine\Rendering\SkiaDomRenderer.cs(5224,29): warning CS0618: 'SKCanvas.DrawText(string, float, float, SKPaint)' is obsolete: 'Use DrawText(string text, float x, float y, SKTextAlign textAlign, SKFont font, SKPaint paint) instead.' [C:\Users\udayk\Videos\FENBROWSER\FenBrowser.FenEngine\FenBrowser.FenEngine.csproj]
C:\Users\udayk\Videos\FENBROWSER\FenBrowser.FenEngine\Rendering\SkiaDomRenderer.cs(5226,37): warning CS0618: 'SKPaint.MeasureText(string)' is obsolete: 'Use SKFont.MeasureText() instead.' [C:\Users\udayk\Videos\FENBROWSER\FenBrowser.FenEngine\FenBrowser.FenEngine.csproj]
C:\Users\udayk\Videos\FENBROWSER\FenBrowser.FenEngine\Rendering\SkiaDomRenderer.cs(5244,31): warning CS0618: 'SKPaint.MeasureText(string)' is obsolete: 'Use SKFont.MeasureText() instead.' [C:\Users\udayk\Videos\FENBROWSER\FenBrowser.FenEngine\FenBrowser.FenEngine.csproj]
C:\Users\udayk\Videos\FENBROWSER\FenBrowser.FenEngine\Scripting\JavaScriptEngine.cs(1761,24): warning CS0649: Field 'JavaScriptEngine.XhrState.Url' is never assigned to, and will always have its default value null [C:\Users\udayk\Videos\FENBROWSER\FenBrowser.FenEngine\FenBrowser.FenEngine.csproj]
C:\Users\udayk\Videos\FENBROWSER\FenBrowser.FenEngine\Scripting\JavaScriptEngine.cs(343,63): warning CS0649: Field 'JavaScriptEngine.ScriptCacheEntry.Body' is never assigned to, and will always have its default value null [C:\Users\udayk\Videos\FENBROWSER\FenBrowser.FenEngine\FenBrowser.FenEngine.csproj]
C:\Users\udayk\Videos\FENBROWSER\FenBrowser.FenEngine\Scripting\JavaScriptEngine.cs(2131,40): warning CS0649: Field 'JavaScriptEngine.JsArrayPattern.RestTarget' is never assigned to, and will always have its default value null [C:\Users\udayk\Videos\FENBROWSER\FenBrowser.FenEngine\FenBrowser.FenEngine.csproj]
C:\Users\udayk\Videos\FENBROWSER\FenBrowser.FenEngine\Scripting\JavaScriptEngine.cs(363,39): warning CS0169: The field 'JavaScriptEngine._moduleLoader' is never used [C:\Users\udayk\Videos\FENBROWSER\FenBrowser.FenEngine\FenBrowser.FenEngine.csproj]
C:\Users\udayk\Videos\FENBROWSER\FenBrowser.FenEngine\Scripting\JavaScriptEngine.cs(544,21): warning CS0169: The field 'JavaScriptEngine._cbCounter' is never used [C:\Users\udayk\Videos\FENBROWSER\FenBrowser.FenEngine\FenBrowser.FenEngine.csproj]
C:\Users\udayk\Videos\FENBROWSER\FenBrowser.FenEngine\Scripting\JavaScriptEngine.cs(2115,41): warning CS0649: Field 'JavaScriptEngine.JsObjectPattern.PropertyBinding.Target' is never assigned to, and will always have its default value null [C:\Users\udayk\Videos\FENBROWSER\FenBrowser.FenEngine\FenBrowser.FenEngine.csproj]
C:\Users\udayk\Videos\FENBROWSER\FenBrowser.FenEngine\Scripting\JavaScriptEngine.cs(2126,29): warning CS0649: Field 'JavaScriptEngine.JsArrayPattern.ElementBinding.IsHole' is never assigned to, and will always have its default value false [C:\Users\udayk\Videos\FENBROWSER\FenBrowser.FenEngine\FenBrowser.FenEngine.csproj]
C:\Users\udayk\Videos\FENBROWSER\FenBrowser.FenEngine\Scripting\JavaScriptEngine.cs(1764,27): warning CS0649: Field 'JavaScriptEngine.XhrState.OnLoadFn' is never assigned to, and will always have its default value null [C:\Users\udayk\Videos\FENBROWSER\FenBrowser.FenEngine\FenBrowser.FenEngine.csproj]
C:\Users\udayk\Videos\FENBROWSER\FenBrowser.FenEngine\Scripting\JavaScriptEngine.cs(1763,27): warning CS0649: Field 'JavaScriptEngine.XhrState.Body' is never assigned to, and will always have its default value null [C:\Users\udayk\Videos\FENBROWSER\FenBrowser.FenEngine\FenBrowser.FenEngine.csproj]
C:\Users\udayk\Videos\FENBROWSER\FenBrowser.FenEngine\Scripting\JavaScriptEngine.cs(455,27): warning CS0169: The field 'JavaScriptEngine._preventDefaultRequested' is never used [C:\Users\udayk\Videos\FENBROWSER\FenBrowser.FenEngine\FenBrowser.FenEngine.csproj]
C:\Users\udayk\Videos\FENBROWSER\FenBrowser.FenEngine\Scripting\JavaScriptEngine.cs(2127,41): warning CS0649: Field 'JavaScriptEngine.JsArrayPattern.ElementBinding.Target' is never assigned to, and will always have its default value null [C:\Users\udayk\Videos\FENBROWSER\FenBrowser.FenEngine\FenBrowser.FenEngine.csproj]
C:\Users\udayk\Videos\FENBROWSER\FenBrowser.FenEngine\Scripting\JavaScriptEngine.cs(1765,27): warning CS0649: Field 'JavaScriptEngine.XhrState.OnErrorFn' is never assigned to, and will always have its default value null [C:\Users\udayk\Videos\FENBROWSER\FenBrowser.FenEngine\FenBrowser.FenEngine.csproj]
C:\Users\udayk\Videos\FENBROWSER\FenBrowser.FenEngine\Scripting\JavaScriptEngine.cs(2102,27): warning CS0649: Field 'JavaScriptEngine.JsBindingPattern.DefaultExpr' is never assigned to, and will always have its default value null [C:\Users\udayk\Videos\FENBROWSER\FenBrowser.FenEngine\FenBrowser.FenEngine.csproj]
C:\Users\udayk\Videos\FENBROWSER\FenBrowser.FenEngine\Scripting\JavaScriptEngine.cs(1759,27): warning CS0649: Field 'JavaScriptEngine.XhrState.Id' is never assigned to, and will always have its default value null [C:\Users\udayk\Videos\FENBROWSER\FenBrowser.FenEngine\FenBrowser.FenEngine.csproj]
C:\Users\udayk\Videos\FENBROWSER\FenBrowser.FenEngine\Scripting\JavaScriptEngine.cs(2119,27): warning CS0649: Field 'JavaScriptEngine.JsObjectPattern.RestIdentifier' is never assigned to, and will always have its default value null [C:\Users\udayk\Videos\FENBROWSER\FenBrowser.FenEngine\FenBrowser.FenEngine.csproj]
C:\Users\udayk\Videos\FENBROWSER\FenBrowser.FenEngine\Scripting\JavaScriptEngine.cs(1990,27): warning CS0649: Field 'JavaScriptEngine.JsFuncDef.Expr' is never assigned to, and will always have its default value null [C:\Users\udayk\Videos\FENBROWSER\FenBrowser.FenEngine\FenBrowser.FenEngine.csproj]
C:\Users\udayk\Videos\FENBROWSER\FenBrowser.FenEngine\Scripting\JavaScriptEngine.Methods.cs(16,44): warning CS0169: The field 'JavaScriptEngine._http' is never used [C:\Users\udayk\Videos\FENBROWSER\FenBrowser.FenEngine\FenBrowser.FenEngine.csproj]
C:\Users\udayk\Videos\FENBROWSER\FenBrowser.FenEngine\Scripting\JavaScriptEngine.cs(1989,27): warning CS0649: Field 'JavaScriptEngine.JsFuncDef.Body' is never assigned to, and will always have its default value null [C:\Users\udayk\Videos\FENBROWSER\FenBrowser.FenEngine\FenBrowser.FenEngine.csproj]
C:\Users\udayk\Videos\FENBROWSER\FenBrowser.FenEngine\Scripting\JavaScriptEngine.cs(2114,31): warning CS0649: Field 'JavaScriptEngine.JsObjectPattern.PropertyBinding.Key' is never assigned to, and will always have its default value null [C:\Users\udayk\Videos\FENBROWSER\FenBrowser.FenEngine\FenBrowser.FenEngine.csproj]
C:\Users\udayk\Videos\FENBROWSER\FenBrowser.FenEngine\Scripting\JavaScriptEngine.cs(1760,27): warning CS0649: Field 'JavaScriptEngine.XhrState.Method' is never assigned to, and will always have its default value null [C:\Users\udayk\Videos\FENBROWSER\FenBrowser.FenEngine\FenBrowser.FenEngine.csproj]
C:\Users\udayk\Videos\FENBROWSER\FenBrowser.FenEngine\Rendering\SkiaDomRenderer.cs(86,36): warning CS0649: Field 'SkiaDomRenderer.BoxModel.Transform' is never assigned to, and will always have its default value null [C:\Users\udayk\Videos\FENBROWSER\FenBrowser.FenEngine\FenBrowser.FenEngine.csproj]
C:\Users\udayk\Videos\FENBROWSER\FenBrowser.FenEngine\Scripting\JavaScriptEngine.cs(306,18): warning CS0414: The field 'JavaScriptEngine._macroPumpScheduled' is assigned but its value is never used [C:\Users\udayk\Videos\FENBROWSER\FenBrowser.FenEngine\FenBrowser.FenEngine.csproj]
C:\Users\udayk\Videos\FENBROWSER\FenBrowser.FenEngine\Scripting\JavaScriptEngine.cs(547,21): warning CS0414: The field 'JavaScriptEngine._pendingAsyncScripts' is assigned but its value is never used [C:\Users\udayk\Videos\FENBROWSER\FenBrowser.FenEngine\FenBrowser.FenEngine.csproj]
C:\Users\udayk\Videos\FENBROWSER\FenBrowser.FenEngine\Scripting\JavaScriptEngine.cs(548,31): warning CS0414: The field 'JavaScriptEngine._domContentLoadedFired' is assigned but its value is never used [C:\Users\udayk\Videos\FENBROWSER\FenBrowser.FenEngine\FenBrowser.FenEngine.csproj]
C:\Users\udayk\Videos\FENBROWSER\FenBrowser.FenEngine\Rendering\BrowserApi.cs(1279,22): warning CS0414: The field 'BrowserHost._pointerDown' is assigned but its value is never used [C:\Users\udayk\Videos\FENBROWSER\FenBrowser.FenEngine\FenBrowser.FenEngine.csproj]
C:\Users\udayk\Videos\FENBROWSER\FenBrowser.FenEngine\Scripting\JavaScriptEngine.cs(549,31): warning CS0414: The field 'JavaScriptEngine._windowLoadFired' is assigned but its value is never used [C:\Users\udayk\Videos\FENBROWSER\FenBrowser.FenEngine\FenBrowser.FenEngine.csproj]
C:\Users\udayk\Videos\FENBROWSER\FenBrowser.FenEngine\Scripting\JavaScriptEngine.cs(323,21): warning CS0414: The field 'JavaScriptEngine._inlineThreshold' is assigned but its value is never used [C:\Users\udayk\Videos\FENBROWSER\FenBrowser.FenEngine\FenBrowser.FenEngine.csproj]
C:\Users\udayk\Videos\FENBROWSER\FenBrowser.FenEngine\Scripting\JavaScriptEngine.cs(332,21): warning CS0414: The field 'JavaScriptEngine._pageScriptBytesUsed' is assigned but its value is never used [C:\Users\udayk\Videos\FENBROWSER\FenBrowser.FenEngine\FenBrowser.FenEngine.csproj]
C:\Users\udayk\Videos\FENBROWSER\FenBrowser.FenEngine\Scripting\JavaScriptEngine.cs(320,31): warning CS0414: The field 'JavaScriptEngine._responseCleanupRunning' is assigned but its value is never used [C:\Users\udayk\Videos\FENBROWSER\FenBrowser.FenEngine\FenBrowser.FenEngine.csproj]
C:\Users\udayk\Videos\FENBROWSER\FenBrowser.FenEngine\Rendering\BrowserApi.cs(987,24): warning CS0414: The field 'BrowserHost._asyncScriptResult' is assigned but its value is never used [C:\Users\udayk\Videos\FENBROWSER\FenBrowser.FenEngine\FenBrowser.FenEngine.csproj]
C:\Users\udayk\Videos\FENBROWSER\FenBrowser.FenEngine\Scripting\JavaScriptEngine.cs(348,30): warning CS0414: The field 'JavaScriptEngine._scriptCap' is assigned but its value is never used [C:\Users\udayk\Videos\FENBROWSER\FenBrowser.FenEngine\FenBrowser.FenEngine.csproj]
C:\Users\udayk\Videos\FENBROWSER\FenBrowser.FenEngine\Rendering\BrowserApi.cs(988,22): warning CS0414: The field 'BrowserHost._asyncScriptDone' is assigned but its value is never used [C:\Users\udayk\Videos\FENBROWSER\FenBrowser.FenEngine\FenBrowser.FenEngine.csproj]
C:\Users\udayk\Videos\FENBROWSER\FenBrowser.FenEngine\Scripting\JavaScriptEngine.cs(198,24): warning CS0414: The field 'JavaScriptEngine._readyState' is assigned but its value is never used [C:\Users\udayk\Videos\FENBROWSER\FenBrowser.FenEngine\FenBrowser.FenEngine.csproj]

Build FAILED.

C:\Users\udayk\Videos\FENBROWSER\FenBrowser.FenEngine\Rendering\BrowserApi.cs(1222,39): warning CS0109: The member 'BrowserHost.CaptureScreenshotAsync()' does not hide an accessible member. The new keyword is not required. [C:\Users\udayk\Videos\FENBROWSER\FenBrowser.FenEngine\FenBrowser.FenEngine.csproj]
C:\Users\udayk\Videos\FENBROWSER\FenBrowser.FenEngine\Scripting\CanvasRenderingContext2D.cs(154,30): warning CS0168: The variable 'ex' is declared but never used [C:\Users\udayk\Videos\FENBROWSER\FenBrowser.FenEngine\FenBrowser.FenEngine.csproj]
C:\Users\udayk\Videos\FENBROWSER\FenBrowser.FenEngine\Core\Parser.cs(261,21): warning CS0219: The variable 'depth' is assigned but its value is never used [C:\Users\udayk\Videos\FENBROWSER\FenBrowser.FenEngine\FenBrowser.FenEngine.csproj]
C:\Users\udayk\Videos\FENBROWSER\FenBrowser.FenEngine\Rendering\BrowserApi.cs(543,35): warning CS1998: This async method lacks 'await' operators and will run synchronously. Consider using the 'await' operator to await non-blocking API calls, or 'await Task.Run(...)' to do CPU-bound work on a background thread. [C:\Users\udayk\Videos\FENBROWSER\FenBrowser.FenEngine\FenBrowser.FenEngine.csproj]
C:\Users\udayk\Videos\FENBROWSER\FenBrowser.FenEngine\Rendering\BrowserApi.cs(554,35): warning CS1998: This async method lacks 'await' operators and will run synchronously. Consider using the 'await' operator to await non-blocking API calls, or 'await Task.Run(...)' to do CPU-bound work on a background thread. [C:\Users\udayk\Videos\FENBROWSER\FenBrowser.FenEngine\FenBrowser.FenEngine.csproj]
C:\Users\udayk\Videos\FENBROWSER\FenBrowser.FenEngine\Rendering\BrowserApi.cs(559,35): warning CS1998: This async method lacks 'await' operators and will run synchronously. Consider using the 'await' operator to await non-blocking API calls, or 'await Task.Run(...)' to do CPU-bound work on a background thread. [C:\Users\udayk\Videos\FENBROWSER\FenBrowser.FenEngine\FenBrowser.FenEngine.csproj]
C:\Users\udayk\Videos\FENBROWSER\FenBrowser.FenEngine\Rendering\BrowserApi.cs(692,35): warning CS1998: This async method lacks 'await' operators and will run synchronously. Consider using the 'await' operator to await non-blocking API calls, or 'await Task.Run(...)' to do CPU-bound work on a background thread. [C:\Users\udayk\Videos\FENBROWSER\FenBrowser.FenEngine\FenBrowser.FenEngine.csproj]
C:\Users\udayk\Videos\FENBROWSER\FenBrowser.FenEngine\Rendering\CustomHtmlEngine.cs(514,64): warning CS1998: This async method lacks 'await' operators and will run synchronously. Consider using the 'await' operator to await non-blocking API calls, or 'await Task.Run(...)' to do CPU-bound work on a background thread. [C:\Users\udayk\Videos\FENBROWSER\FenBrowser.FenEngine\FenBrowser.FenEngine.csproj]
C:\Users\udayk\Videos\FENBROWSER\FenBrowser.FenEngine\Rendering\BrowserApi.cs(711,37): warning CS1998: This async method lacks 'await' operators and will run synchronously. Consider using the 'await' operator to await non-blocking API calls, or 'await Task.Run(...)' to do CPU-bound work on a background thread. [C:\Users\udayk\Videos\FENBROWSER\FenBrowser.FenEngine\FenBrowser.FenEngine.csproj]
C:\Users\udayk\Videos\FENBROWSER\FenBrowser.FenEngine\Rendering\CustomHtmlEngine.cs(622,56): warning CS1998: This async method lacks 'await' operators and will run synchronously. Consider using the 'await' operator to await non-blocking API calls, or 'await Task.Run(...)' to do CPU-bound work on a background thread. [C:\Users\udayk\Videos\FENBROWSER\FenBrowser.FenEngine\FenBrowser.FenEngine.csproj]
C:\Users\udayk\Videos\FENBROWSER\FenBrowser.FenEngine\Scripting\JavaScriptEngine.cs(881,28): warning CS1998: This async method lacks 'await' operators and will run synchronously. Consider using the 'await' operator to await non-blocking API calls, or 'await Task.Run(...)' to do CPU-bound work on a background thread. [C:\Users\udayk\Videos\FENBROWSER\FenBrowser.FenEngine\FenBrowser.FenEngine.csproj]
C:\Users\udayk\Videos\FENBROWSER\FenBrowser.FenEngine\Scripting\JavaScriptEngine.cs(907,28): warning CS1998: This async method lacks 'await' operators and will run synchronously. Consider using the 'await' operator to await non-blocking API calls, or 'await Task.Run(...)' to do CPU-bound work on a background thread. [C:\Users\udayk\Videos\FENBROWSER\FenBrowser.FenEngine\FenBrowser.FenEngine.csproj]
C:\Users\udayk\Videos\FENBROWSER\FenBrowser.FenEngine\Rendering\CustomHtmlEngine.cs(647,81): warning CS1998: This async method lacks 'await' operators and will run synchronously. Consider using the 'await' operator to await non-blocking API calls, or 'await Task.Run(...)' to do CPU-bound work on a background thread. [C:\Users\udayk\Videos\FENBROWSER\FenBrowser.FenEngine\FenBrowser.FenEngine.csproj]
C:\Users\udayk\Videos\FENBROWSER\FenBrowser.FenEngine\Rendering\SkiaDomRenderer.cs(425,62): warning CS0618: 'SKPaint.TextSize' is obsolete: 'Use SKFont.Size instead.' [C:\Users\udayk\Videos\FENBROWSER\FenBrowser.FenEngine\FenBrowser.FenEngine.csproj]
C:\Users\udayk\Videos\FENBROWSER\FenBrowser.FenEngine\Rendering\SkiaDomRenderer.cs(428,33): warning CS0618: 'SKPaint.MeasureText(string, ref SKRect)' is obsolete: 'Use SKFont.MeasureText() instead.' [C:\Users\udayk\Videos\FENBROWSER\FenBrowser.FenEngine\FenBrowser.FenEngine.csproj]
C:\Users\udayk\Videos\FENBROWSER\FenBrowser.FenEngine\Rendering\SkiaDomRenderer.cs(460,58): warning CS0618: 'SKPaint.TextSize' is obsolete: 'Use SKFont.Size instead.' [C:\Users\udayk\Videos\FENBROWSER\FenBrowser.FenEngine\FenBrowser.FenEngine.csproj]
C:\Users\udayk\Videos\FENBROWSER\FenBrowser.FenEngine\Rendering\SkiaDomRenderer.cs(463,29): warning CS0618: 'SKPaint.MeasureText(string, ref SKRect)' is obsolete: 'Use SKFont.MeasureText() instead.' [C:\Users\udayk\Videos\FENBROWSER\FenBrowser.FenEngine\FenBrowser.FenEngine.csproj]
C:\Users\udayk\Videos\FENBROWSER\FenBrowser.FenEngine\Rendering\SkiaDomRenderer.cs(688,21): warning CS0618: 'SKPaint.TextSize' is obsolete: 'Use SKFont.Size instead.' [C:\Users\udayk\Videos\FENBROWSER\FenBrowser.FenEngine\FenBrowser.FenEngine.csproj]
C:\Users\udayk\Videos\FENBROWSER\FenBrowser.FenEngine\Rendering\SkiaDomRenderer.cs(712,25): warning CS0618: 'SKPaint.Typeface' is obsolete: 'Use SKFont.Typeface instead.' [C:\Users\udayk\Videos\FENBROWSER\FenBrowser.FenEngine\FenBrowser.FenEngine.csproj]
C:\Users\udayk\Videos\FENBROWSER\FenBrowser.FenEngine\Rendering\SkiaDomRenderer.cs(732,62): warning CS0618: 'SKPaint.Typeface' is obsolete: 'Use SKFont.Typeface instead.' [C:\Users\udayk\Videos\FENBROWSER\FenBrowser.FenEngine\FenBrowser.FenEngine.csproj]
C:\Users\udayk\Videos\FENBROWSER\FenBrowser.FenEngine\Rendering\SkiaDomRenderer.cs(734,46): warning CS0618: 'SKShaper.Shape(string, SKPaint)' is obsolete: 'Use Shape(string text, SKFont font) instead.' [C:\Users\udayk\Videos\FENBROWSER\FenBrowser.FenEngine\FenBrowser.FenEngine.csproj]
C:\Users\udayk\Videos\FENBROWSER\FenBrowser.FenEngine\Rendering\SkiaDomRenderer.cs(736,47): warning CS0618: 'SKPaint.FontMetrics' is obsolete: 'Use SKFont.Metrics instead.' [C:\Users\udayk\Videos\FENBROWSER\FenBrowser.FenEngine\FenBrowser.FenEngine.csproj]
C:\Users\udayk\Videos\FENBROWSER\FenBrowser.FenEngine\Rendering\SkiaDomRenderer.cs(749,25): warning CS0618: 'SKPaint.MeasureText(string, ref SKRect)' is obsolete: 'Use SKFont.MeasureText() instead.' [C:\Users\udayk\Videos\FENBROWSER\FenBrowser.FenEngine\FenBrowser.FenEngine.csproj]
C:\Users\udayk\Videos\FENBROWSER\FenBrowser.FenEngine\Rendering\BrowserApi.cs(953,35): warning CS1998: This async method lacks 'await' operators and will run synchronously. Consider using the 'await' operator to await non-blocking API calls, or 'await Task.Run(...)' to do CPU-bound work on a background thread. [C:\Users\udayk\Videos\FENBROWSER\FenBrowser.FenEngine\FenBrowser.FenEngine.csproj]
C:\Users\udayk\Videos\FENBROWSER\FenBrowser.FenEngine\Core\Parser.cs(1286,18): warning CS0219: The variable 'isPrivate' is assigned but its value is never used [C:\Users\udayk\Videos\FENBROWSER\FenBrowser.FenEngine\FenBrowser.FenEngine.csproj]
C:\Users\udayk\Videos\FENBROWSER\FenBrowser.FenEngine\Rendering\RenderBox.cs(295,20): warning CS0219: The variable 'crossAxisMax' is assigned but its value is never used [C:\Users\udayk\Videos\FENBROWSER\FenBrowser.FenEngine\FenBrowser.FenEngine.csproj]
C:\Users\udayk\Videos\FENBROWSER\FenBrowser.FenEngine\Rendering\RenderTreeBuilder.cs(310,21): warning CS8073: The result of the expression is always 'false' since a value of type 'Thickness' is never equal to 'null' of type 'Thickness?' [C:\Users\udayk\Videos\FENBROWSER\FenBrowser.FenEngine\FenBrowser.FenEngine.csproj]
C:\Users\udayk\Videos\FENBROWSER\FenBrowser.FenEngine\Core\Parser.cs(2043,17): warning CS0219: The variable 'flags' is assigned but its value is never used [C:\Users\udayk\Videos\FENBROWSER\FenBrowser.FenEngine\FenBrowser.FenEngine.csproj]
C:\Users\udayk\Videos\FENBROWSER\FenBrowser.FenEngine\Rendering\CustomHtmlEngine.cs(925,68): warning CS1998: This async method lacks 'await' operators and will run synchronously. Consider using the 'await' operator to await non-blocking API calls, or 'await Task.Run(...)' to do CPU-bound work on a background thread. [C:\Users\udayk\Videos\FENBROWSER\FenBrowser.FenEngine\FenBrowser.FenEngine.csproj]
C:\Users\udayk\Videos\FENBROWSER\FenBrowser.FenEngine\Rendering\CustomHtmlEngine.cs(1425,86): warning CS1998: This async method lacks 'await' operators and will run synchronously. Consider using the 'await' operator to await non-blocking API calls, or 'await Task.Run(...)' to do CPU-bound work on a background thread. [C:\Users\udayk\Videos\FENBROWSER\FenBrowser.FenEngine\FenBrowser.FenEngine.csproj]
C:\Users\udayk\Videos\FENBROWSER\FenBrowser.FenEngine\Rendering\RendererStyles.cs(931,21): warning CS0618: 'RadialGradientBrush.Radius' is obsolete: 'Use RadiusX/RadiusY, note that those properties use _relative_ values, so Radius=0.55 would become RadiusX=55% RadiusY=55%. Radius property is always relative even if the rest of the brush uses absolute values.' [C:\Users\udayk\Videos\FENBROWSER\FenBrowser.FenEngine\FenBrowser.FenEngine.csproj]
C:\Users\udayk\Videos\FENBROWSER\FenBrowser.FenEngine\Rendering\SkiaDomRenderer.cs(2685,39): warning CS9191: The 'ref' modifier for argument 1 corresponding to 'in' parameter is equivalent to 'in'. Consider using 'in' instead. [C:\Users\udayk\Videos\FENBROWSER\FenBrowser.FenEngine\FenBrowser.FenEngine.csproj]
C:\Users\udayk\Videos\FENBROWSER\FenBrowser.FenEngine\Rendering\SkiaDomRenderer.cs(2784,21): warning CS0618: 'SKPaint.TextSize' is obsolete: 'Use SKFont.Size instead.' [C:\Users\udayk\Videos\FENBROWSER\FenBrowser.FenEngine\FenBrowser.FenEngine.csproj]
C:\Users\udayk\Videos\FENBROWSER\FenBrowser.FenEngine\Rendering\SkiaDomRenderer.cs(2828,25): warning CS0618: 'SKPaint.Typeface' is obsolete: 'Use SKFont.Typeface instead.' [C:\Users\udayk\Videos\FENBROWSER\FenBrowser.FenEngine\FenBrowser.FenEngine.csproj]
C:\Users\udayk\Videos\FENBROWSER\FenBrowser.FenEngine\Rendering\SkiaDomRenderer.cs(2975,30): warning CS0618: 'SKPaint.TextSize' is obsolete: 'Use SKFont.Size instead.' [C:\Users\udayk\Videos\FENBROWSER\FenBrowser.FenEngine\FenBrowser.FenEngine.csproj]
C:\Users\udayk\Videos\FENBROWSER\FenBrowser.FenEngine\Rendering\SkiaDomRenderer.cs(2978,30): warning CS0618: 'SKPaint.Typeface' is obsolete: 'Use SKFont.Typeface instead.' [C:\Users\udayk\Videos\FENBROWSER\FenBrowser.FenEngine\FenBrowser.FenEngine.csproj]
C:\Users\udayk\Videos\FENBROWSER\FenBrowser.FenEngine\Rendering\SkiaDomRenderer.cs(2983,34): warning CS0618: 'SKPaint.TextAlign' is obsolete: 'Use SKTextAlign method overloads instead.' [C:\Users\udayk\Videos\FENBROWSER\FenBrowser.FenEngine\FenBrowser.FenEngine.csproj]
C:\Users\udayk\Videos\FENBROWSER\FenBrowser.FenEngine\Rendering\SkiaDomRenderer.cs(2985,73): warning CS0618: 'SKPaint.TextSize' is obsolete: 'Use SKFont.Size instead.' [C:\Users\udayk\Videos\FENBROWSER\FenBrowser.FenEngine\FenBrowser.FenEngine.csproj]
C:\Users\udayk\Videos\FENBROWSER\FenBrowser.FenEngine\Rendering\SkiaDomRenderer.cs(2986,34): warning CS0618: 'SKCanvas.DrawText(string, float, float, SKPaint)' is obsolete: 'Use DrawText(string text, float x, float y, SKTextAlign textAlign, SKFont font, SKPaint paint) instead.' [C:\Users\udayk\Videos\FENBROWSER\FenBrowser.FenEngine\FenBrowser.FenEngine.csproj]
C:\Users\udayk\Videos\FENBROWSER\FenBrowser.FenEngine\Rendering\SkiaDomRenderer.cs(2992,71): warning CS0618: 'SKPaint.TextSize' is obsolete: 'Use SKFont.Size instead.' [C:\Users\udayk\Videos\FENBROWSER\FenBrowser.FenEngine\FenBrowser.FenEngine.csproj]
C:\Users\udayk\Videos\FENBROWSER\FenBrowser.FenEngine\Rendering\SkiaDomRenderer.cs(2996,34): warning CS0618: 'SKCanvas.DrawText(string, float, float, SKPaint)' is obsolete: 'Use DrawText(string text, float x, float y, SKTextAlign textAlign, SKFont font, SKPaint paint) instead.' [C:\Users\udayk\Videos\FENBROWSER\FenBrowser.FenEngine\FenBrowser.FenEngine.csproj]
C:\Users\udayk\Videos\FENBROWSER\FenBrowser.FenEngine\Rendering\SkiaDomRenderer.cs(3026,55): warning CS0618: 'SKPaint.FilterQuality' is obsolete: 'Use SKSamplingOptions instead.' [C:\Users\udayk\Videos\FENBROWSER\FenBrowser.FenEngine\FenBrowser.FenEngine.csproj]
C:\Users\udayk\Videos\FENBROWSER\FenBrowser.FenEngine\Rendering\SkiaDomRenderer.cs(3026,71): warning CS0618: 'SKFilterQuality' is obsolete: 'Use SKSamplingOptions instead.' [C:\Users\udayk\Videos\FENBROWSER\FenBrowser.FenEngine\FenBrowser.FenEngine.csproj]
C:\Users\udayk\Videos\FENBROWSER\FenBrowser.FenEngine\Rendering\SkiaDomRenderer.cs(3116,75): warning CS0618: 'SKPaint.TextSize' is obsolete: 'Use SKFont.Size instead.' [C:\Users\udayk\Videos\FENBROWSER\FenBrowser.FenEngine\FenBrowser.FenEngine.csproj]
C:\Users\udayk\Videos\FENBROWSER\FenBrowser.FenEngine\Rendering\SkiaDomRenderer.cs(3116,110): warning CS0618: 'SKPaint.TextAlign' is obsolete: 'Use SKTextAlign method overloads instead.' [C:\Users\udayk\Videos\FENBROWSER\FenBrowser.FenEngine\FenBrowser.FenEngine.csproj]
C:\Users\udayk\Videos\FENBROWSER\FenBrowser.FenEngine\Rendering\SkiaDomRenderer.cs(3120,23): warning CS0618: 'SKCanvas.DrawText(string, float, float, SKPaint)' is obsolete: 'Use DrawText(string text, float x, float y, SKTextAlign textAlign, SKFont font, SKPaint paint) instead.' [C:\Users\udayk\Videos\FENBROWSER\FenBrowser.FenEngine\FenBrowser.FenEngine.csproj]
C:\Users\udayk\Videos\FENBROWSER\FenBrowser.FenEngine\Rendering\SkiaDomRenderer.cs(3190,96): warning CS0618: 'SKPaint.TextSize' is obsolete: 'Use SKFont.Size instead.' [C:\Users\udayk\Videos\FENBROWSER\FenBrowser.FenEngine\FenBrowser.FenEngine.csproj]
C:\Users\udayk\Videos\FENBROWSER\FenBrowser.FenEngine\Rendering\SkiaDomRenderer.cs(3202,30): warning CS0618: 'SKCanvas.DrawText(string, float, float, SKPaint)' is obsolete: 'Use DrawText(string text, float x, float y, SKTextAlign textAlign, SKFont font, SKPaint paint) instead.' [C:\Users\udayk\Videos\FENBROWSER\FenBrowser.FenEngine\FenBrowser.FenEngine.csproj]
C:\Users\udayk\Videos\FENBROWSER\FenBrowser.FenEngine\Rendering\SkiaDomRenderer.cs(3236,38): warning CS0618: 'SKCanvas.DrawText(string, float, float, SKPaint)' is obsolete: 'Use DrawText(string text, float x, float y, SKTextAlign textAlign, SKFont font, SKPaint paint) instead.' [C:\Users\udayk\Videos\FENBROWSER\FenBrowser.FenEngine\FenBrowser.FenEngine.csproj]
C:\Users\udayk\Videos\FENBROWSER\FenBrowser.FenEngine\Rendering\SkiaDomRenderer.cs(3244,38): warning CS0618: 'SKCanvas.DrawText(string, float, float, SKPaint)' is obsolete: 'Use DrawText(string text, float x, float y, SKTextAlign textAlign, SKFont font, SKPaint paint) instead.' [C:\Users\udayk\Videos\FENBROWSER\FenBrowser.FenEngine\FenBrowser.FenEngine.csproj]
C:\Users\udayk\Videos\FENBROWSER\FenBrowser.FenEngine\Rendering\SkiaDomRenderer.cs(3252,38): warning CS0618: 'SKCanvas.DrawText(string, float, float, SKPaint)' is obsolete: 'Use DrawText(string text, float x, float y, SKTextAlign textAlign, SKFont font, SKPaint paint) instead.' [C:\Users\udayk\Videos\FENBROWSER\FenBrowser.FenEngine\FenBrowser.FenEngine.csproj]
C:\Users\udayk\Videos\FENBROWSER\FenBrowser.FenEngine\Rendering\SkiaDomRenderer.cs(3260,38): warning CS0618: 'SKCanvas.DrawText(string, float, float, SKPaint)' is obsolete: 'Use DrawText(string text, float x, float y, SKTextAlign textAlign, SKFont font, SKPaint paint) instead.' [C:\Users\udayk\Videos\FENBROWSER\FenBrowser.FenEngine\FenBrowser.FenEngine.csproj]
C:\Users\udayk\Videos\FENBROWSER\FenBrowser.FenEngine\Rendering\SkiaDomRenderer.cs(3270,38): warning CS0618: 'SKCanvas.DrawText(string, float, float, SKPaint)' is obsolete: 'Use DrawText(string text, float x, float y, SKTextAlign textAlign, SKFont font, SKPaint paint) instead.' [C:\Users\udayk\Videos\FENBROWSER\FenBrowser.FenEngine\FenBrowser.FenEngine.csproj]
C:\Users\udayk\Videos\FENBROWSER\FenBrowser.FenEngine\Rendering\SkiaDomRenderer.cs(3280,38): warning CS0618: 'SKCanvas.DrawText(string, float, float, SKPaint)' is obsolete: 'Use DrawText(string text, float x, float y, SKTextAlign textAlign, SKFont font, SKPaint paint) instead.' [C:\Users\udayk\Videos\FENBROWSER\FenBrowser.FenEngine\FenBrowser.FenEngine.csproj]
C:\Users\udayk\Videos\FENBROWSER\FenBrowser.FenEngine\Rendering\SkiaDomRenderer.cs(3290,38): warning CS0618: 'SKCanvas.DrawText(string, float, float, SKPaint)' is obsolete: 'Use DrawText(string text, float x, float y, SKTextAlign textAlign, SKFont font, SKPaint paint) instead.' [C:\Users\udayk\Videos\FENBROWSER\FenBrowser.FenEngine\FenBrowser.FenEngine.csproj]
C:\Users\udayk\Videos\FENBROWSER\FenBrowser.FenEngine\Rendering\SkiaDomRenderer.cs(3299,38): warning CS0618: 'SKCanvas.DrawText(string, float, float, SKPaint)' is obsolete: 'Use DrawText(string text, float x, float y, SKTextAlign textAlign, SKFont font, SKPaint paint) instead.' [C:\Users\udayk\Videos\FENBROWSER\FenBrowser.FenEngine\FenBrowser.FenEngine.csproj]
C:\Users\udayk\Videos\FENBROWSER\FenBrowser.FenEngine\Rendering\SkiaDomRenderer.cs(3694,39): warning CS0618: 'SKPaint.MeasureText(string)' is obsolete: 'Use SKFont.MeasureText() instead.' [C:\Users\udayk\Videos\FENBROWSER\FenBrowser.FenEngine\FenBrowser.FenEngine.csproj]
C:\Users\udayk\Videos\FENBROWSER\FenBrowser.FenEngine\Rendering\SkiaDomRenderer.cs(3706,40): warning CS0618: 'SKPaint.MeasureText(string)' is obsolete: 'Use SKFont.MeasureText() instead.' [C:\Users\udayk\Videos\FENBROWSER\FenBrowser.FenEngine\FenBrowser.FenEngine.csproj]
C:\Users\udayk\Videos\FENBROWSER\FenBrowser.FenEngine\Core\FenRuntime.cs(756,44): warning SYSLIB0013: 'Uri.EscapeUriString(string)' is obsolete: 'Uri.EscapeUriString can corrupt the Uri string in some cases. Consider using Uri.EscapeDataString for query string components instead.' (https://aka.ms/dotnet-warnings/SYSLIB0013) [C:\Users\udayk\Videos\FENBROWSER\FenBrowser.FenEngine\FenBrowser.FenEngine.csproj]
C:\Users\udayk\Videos\FENBROWSER\FenBrowser.FenEngine\Rendering\SkiaDomRenderer.cs(3742,46): warning CS0618: 'SKPaint.MeasureText(string)' is obsolete: 'Use SKFont.MeasureText() instead.' [C:\Users\udayk\Videos\FENBROWSER\FenBrowser.FenEngine\FenBrowser.FenEngine.csproj]
C:\Users\udayk\Videos\FENBROWSER\FenBrowser.FenEngine\Rendering\SkiaDomRenderer.cs(3747,31): warning CS0618: 'SKPaint.MeasureText(string)' is obsolete: 'Use SKFont.MeasureText() instead.' [C:\Users\udayk\Videos\FENBROWSER\FenBrowser.FenEngine\FenBrowser.FenEngine.csproj]
C:\Users\udayk\Videos\FENBROWSER\FenBrowser.FenEngine\Rendering\SkiaDomRenderer.cs(3761,29): warning CS0618: 'SKPaint.MeasureText(string)' is obsolete: 'Use SKFont.MeasureText() instead.' [C:\Users\udayk\Videos\FENBROWSER\FenBrowser.FenEngine\FenBrowser.FenEngine.csproj]
C:\Users\udayk\Videos\FENBROWSER\FenBrowser.FenEngine\Rendering\SkiaDomRenderer.cs(3774,63): warning CS0618: 'SKPaint.MeasureText(string)' is obsolete: 'Use SKFont.MeasureText() instead.' [C:\Users\udayk\Videos\FENBROWSER\FenBrowser.FenEngine\FenBrowser.FenEngine.csproj]
C:\Users\udayk\Videos\FENBROWSER\FenBrowser.FenEngine\Rendering\SkiaDomRenderer.cs(5180,54): warning CS0618: 'SKPaint.Typeface' is obsolete: 'Use SKFont.Typeface instead.' [C:\Users\udayk\Videos\FENBROWSER\FenBrowser.FenEngine\FenBrowser.FenEngine.csproj]
C:\Users\udayk\Videos\FENBROWSER\FenBrowser.FenEngine\Rendering\SkiaDomRenderer.cs(5182,25): warning CS0618: 'CanvasExtensions.DrawShapedText(SKCanvas, SKShaper, string, float, float, SKPaint)' is obsolete: 'Use DrawShapedText(SKShaper shaper, string text, float x, float y, SKTextAlign textAlign, SKFont font, SKPaint paint) instead.' [C:\Users\udayk\Videos\FENBROWSER\FenBrowser.FenEngine\FenBrowser.FenEngine.csproj]
C:\Users\udayk\Videos\FENBROWSER\FenBrowser.FenEngine\Rendering\SkiaDomRenderer.cs(5187,21): warning CS0618: 'SKCanvas.DrawText(string, float, float, SKPaint)' is obsolete: 'Use DrawText(string text, float x, float y, SKTextAlign textAlign, SKFont font, SKPaint paint) instead.' [C:\Users\udayk\Videos\FENBROWSER\FenBrowser.FenEngine\FenBrowser.FenEngine.csproj]
C:\Users\udayk\Videos\FENBROWSER\FenBrowser.FenEngine\Rendering\SkiaDomRenderer.cs(5199,21): warning CS0618: 'SKCanvas.DrawText(string, float, float, SKPaint)' is obsolete: 'Use DrawText(string text, float x, float y, SKTextAlign textAlign, SKFont font, SKPaint paint) instead.' [C:\Users\udayk\Videos\FENBROWSER\FenBrowser.FenEngine\FenBrowser.FenEngine.csproj]
C:\Users\udayk\Videos\FENBROWSER\FenBrowser.FenEngine\Rendering\SkiaDomRenderer.cs(5200,39): warning CS0618: 'SKPaint.MeasureText(string)' is obsolete: 'Use SKFont.MeasureText() instead.' [C:\Users\udayk\Videos\FENBROWSER\FenBrowser.FenEngine\FenBrowser.FenEngine.csproj]
C:\Users\udayk\Videos\FENBROWSER\FenBrowser.FenEngine\Rendering\SkiaDomRenderer.cs(5209,36): warning CS0618: 'SKPaint.MeasureText(string)' is obsolete: 'Use SKFont.MeasureText() instead.' [C:\Users\udayk\Videos\FENBROWSER\FenBrowser.FenEngine\FenBrowser.FenEngine.csproj]
C:\Users\udayk\Videos\FENBROWSER\FenBrowser.FenEngine\Rendering\SkiaDomRenderer.cs(5217,62): warning CS0618: 'SKPaint.Typeface' is obsolete: 'Use SKFont.Typeface instead.' [C:\Users\udayk\Videos\FENBROWSER\FenBrowser.FenEngine\FenBrowser.FenEngine.csproj]
C:\Users\udayk\Videos\FENBROWSER\FenBrowser.FenEngine\Rendering\SkiaDomRenderer.cs(5219,33): warning CS0618: 'CanvasExtensions.DrawShapedText(SKCanvas, SKShaper, string, float, float, SKPaint)' is obsolete: 'Use DrawShapedText(SKShaper shaper, string text, float x, float y, SKTextAlign textAlign, SKFont font, SKPaint paint) instead.' [C:\Users\udayk\Videos\FENBROWSER\FenBrowser.FenEngine\FenBrowser.FenEngine.csproj]
C:\Users\udayk\Videos\FENBROWSER\FenBrowser.FenEngine\Rendering\SkiaDomRenderer.cs(5224,29): warning CS0618: 'SKCanvas.DrawText(string, float, float, SKPaint)' is obsolete: 'Use DrawText(string text, float x, float y, SKTextAlign textAlign, SKFont font, SKPaint paint) instead.' [C:\Users\udayk\Videos\FENBROWSER\FenBrowser.FenEngine\FenBrowser.FenEngine.csproj]
C:\Users\udayk\Videos\FENBROWSER\FenBrowser.FenEngine\Rendering\SkiaDomRenderer.cs(5226,37): warning CS0618: 'SKPaint.MeasureText(string)' is obsolete: 'Use SKFont.MeasureText() instead.' [C:\Users\udayk\Videos\FENBROWSER\FenBrowser.FenEngine\FenBrowser.FenEngine.csproj]
C:\Users\udayk\Videos\FENBROWSER\FenBrowser.FenEngine\Rendering\SkiaDomRenderer.cs(5244,31): warning CS0618: 'SKPaint.MeasureText(string)' is obsolete: 'Use SKFont.MeasureText() instead.' [C:\Users\udayk\Videos\FENBROWSER\FenBrowser.FenEngine\FenBrowser.FenEngine.csproj]
C:\Users\udayk\Videos\FENBROWSER\FenBrowser.FenEngine\Scripting\JavaScriptEngine.cs(1761,24): warning CS0649: Field 'JavaScriptEngine.XhrState.Url' is never assigned to, and will always have its default value null [C:\Users\udayk\Videos\FENBROWSER\FenBrowser.FenEngine\FenBrowser.FenEngine.csproj]
C:\Users\udayk\Videos\FENBROWSER\FenBrowser.FenEngine\Scripting\JavaScriptEngine.cs(343,63): warning CS0649: Field 'JavaScriptEngine.ScriptCacheEntry.Body' is never assigned to, and will always have its default value null [C:\Users\udayk\Videos\FENBROWSER\FenBrowser.FenEngine\FenBrowser.FenEngine.csproj]
C:\Users\udayk\Videos\FENBROWSER\FenBrowser.FenEngine\Scripting\JavaScriptEngine.cs(2131,40): warning CS0649: Field 'JavaScriptEngine.JsArrayPattern.RestTarget' is never assigned to, and will always have its default value null [C:\Users\udayk\Videos\FENBROWSER\FenBrowser.FenEngine\FenBrowser.FenEngine.csproj]
C:\Users\udayk\Videos\FENBROWSER\FenBrowser.FenEngine\Scripting\JavaScriptEngine.cs(363,39): warning CS0169: The field 'JavaScriptEngine._moduleLoader' is never used [C:\Users\udayk\Videos\FENBROWSER\FenBrowser.FenEngine\FenBrowser.FenEngine.csproj]
C:\Users\udayk\Videos\FENBROWSER\FenBrowser.FenEngine\Scripting\JavaScriptEngine.cs(544,21): warning CS0169: The field 'JavaScriptEngine._cbCounter' is never used [C:\Users\udayk\Videos\FENBROWSER\FenBrowser.FenEngine\FenBrowser.FenEngine.csproj]
C:\Users\udayk\Videos\FENBROWSER\FenBrowser.FenEngine\Scripting\JavaScriptEngine.cs(2115,41): warning CS0649: Field 'JavaScriptEngine.JsObjectPattern.PropertyBinding.Target' is never assigned to, and will always have its default value null [C:\Users\udayk\Videos\FENBROWSER\FenBrowser.FenEngine\FenBrowser.FenEngine.csproj]
C:\Users\udayk\Videos\FENBROWSER\FenBrowser.FenEngine\Scripting\JavaScriptEngine.cs(2126,29): warning CS0649: Field 'JavaScriptEngine.JsArrayPattern.ElementBinding.IsHole' is never assigned to, and will always have its default value false [C:\Users\udayk\Videos\FENBROWSER\FenBrowser.FenEngine\FenBrowser.FenEngine.csproj]
C:\Users\udayk\Videos\FENBROWSER\FenBrowser.FenEngine\Scripting\JavaScriptEngine.cs(1764,27): warning CS0649: Field 'JavaScriptEngine.XhrState.OnLoadFn' is never assigned to, and will always have its default value null [C:\Users\udayk\Videos\FENBROWSER\FenBrowser.FenEngine\FenBrowser.FenEngine.csproj]
C:\Users\udayk\Videos\FENBROWSER\FenBrowser.FenEngine\Scripting\JavaScriptEngine.cs(1763,27): warning CS0649: Field 'JavaScriptEngine.XhrState.Body' is never assigned to, and will always have its default value null [C:\Users\udayk\Videos\FENBROWSER\FenBrowser.FenEngine\FenBrowser.FenEngine.csproj]
C:\Users\udayk\Videos\FENBROWSER\FenBrowser.FenEngine\Scripting\JavaScriptEngine.cs(455,27): warning CS0169: The field 'JavaScriptEngine._preventDefaultRequested' is never used [C:\Users\udayk\Videos\FENBROWSER\FenBrowser.FenEngine\FenBrowser.FenEngine.csproj]
C:\Users\udayk\Videos\FENBROWSER\FenBrowser.FenEngine\Scripting\JavaScriptEngine.cs(2127,41): warning CS0649: Field 'JavaScriptEngine.JsArrayPattern.ElementBinding.Target' is never assigned to, and will always have its default value null [C:\Users\udayk\Videos\FENBROWSER\FenBrowser.FenEngine\FenBrowser.FenEngine.csproj]
C:\Users\udayk\Videos\FENBROWSER\FenBrowser.FenEngine\Scripting\JavaScriptEngine.cs(1765,27): warning CS0649: Field 'JavaScriptEngine.XhrState.OnErrorFn' is never assigned to, and will always have its default value null [C:\Users\udayk\Videos\FENBROWSER\FenBrowser.FenEngine\FenBrowser.FenEngine.csproj]
C:\Users\udayk\Videos\FENBROWSER\FenBrowser.FenEngine\Scripting\JavaScriptEngine.cs(2102,27): warning CS0649: Field 'JavaScriptEngine.JsBindingPattern.DefaultExpr' is never assigned to, and will always have its default value null [C:\Users\udayk\Videos\FENBROWSER\FenBrowser.FenEngine\FenBrowser.FenEngine.csproj]
C:\Users\udayk\Videos\FENBROWSER\FenBrowser.FenEngine\Scripting\JavaScriptEngine.cs(1759,27): warning CS0649: Field 'JavaScriptEngine.XhrState.Id' is never assigned to, and will always have its default value null [C:\Users\udayk\Videos\FENBROWSER\FenBrowser.FenEngine\FenBrowser.FenEngine.csproj]
C:\Users\udayk\Videos\FENBROWSER\FenBrowser.FenEngine\Scripting\JavaScriptEngine.cs(2119,27): warning CS0649: Field 'JavaScriptEngine.JsObjectPattern.RestIdentifier' is never assigned to, and will always have its default value null [C:\Users\udayk\Videos\FENBROWSER\FenBrowser.FenEngine\FenBrowser.FenEngine.csproj]
C:\Users\udayk\Videos\FENBROWSER\FenBrowser.FenEngine\Scripting\JavaScriptEngine.cs(1990,27): warning CS0649: Field 'JavaScriptEngine.JsFuncDef.Expr' is never assigned to, and will always have its default value null [C:\Users\udayk\Videos\FENBROWSER\FenBrowser.FenEngine\FenBrowser.FenEngine.csproj]
C:\Users\udayk\Videos\FENBROWSER\FenBrowser.FenEngine\Scripting\JavaScriptEngine.Methods.cs(16,44): warning CS0169: The field 'JavaScriptEngine._http' is never used [C:\Users\udayk\Videos\FENBROWSER\FenBrowser.FenEngine\FenBrowser.FenEngine.csproj]
C:\Users\udayk\Videos\FENBROWSER\FenBrowser.FenEngine\Scripting\JavaScriptEngine.cs(1989,27): warning CS0649: Field 'JavaScriptEngine.JsFuncDef.Body' is never assigned to, and will always have its default value null [C:\Users\udayk\Videos\FENBROWSER\FenBrowser.FenEngine\FenBrowser.FenEngine.csproj]
C:\Users\udayk\Videos\FENBROWSER\FenBrowser.FenEngine\Scripting\JavaScriptEngine.cs(2114,31): warning CS0649: Field 'JavaScriptEngine.JsObjectPattern.PropertyBinding.Key' is never assigned to, and will always have its default value null [C:\Users\udayk\Videos\FENBROWSER\FenBrowser.FenEngine\FenBrowser.FenEngine.csproj]
C:\Users\udayk\Videos\FENBROWSER\FenBrowser.FenEngine\Scripting\JavaScriptEngine.cs(1760,27): warning CS0649: Field 'JavaScriptEngine.XhrState.Method' is never assigned to, and will always have its default value null [C:\Users\udayk\Videos\FENBROWSER\FenBrowser.FenEngine\FenBrowser.FenEngine.csproj]
C:\Users\udayk\Videos\FENBROWSER\FenBrowser.FenEngine\Rendering\SkiaDomRenderer.cs(86,36): warning CS0649: Field 'SkiaDomRenderer.BoxModel.Transform' is never assigned to, and will always have its default value null [C:\Users\udayk\Videos\FENBROWSER\FenBrowser.FenEngine\FenBrowser.FenEngine.csproj]
C:\Users\udayk\Videos\FENBROWSER\FenBrowser.FenEngine\Scripting\JavaScriptEngine.cs(306,18): warning CS0414: The field 'JavaScriptEngine._macroPumpScheduled' is assigned but its value is never used [C:\Users\udayk\Videos\FENBROWSER\FenBrowser.FenEngine\FenBrowser.FenEngine.csproj]
C:\Users\udayk\Videos\FENBROWSER\FenBrowser.FenEngine\Scripting\JavaScriptEngine.cs(547,21): warning CS0414: The field 'JavaScriptEngine._pendingAsyncScripts' is assigned but its value is never used [C:\Users\udayk\Videos\FENBROWSER\FenBrowser.FenEngine\FenBrowser.FenEngine.csproj]
C:\Users\udayk\Videos\FENBROWSER\FenBrowser.FenEngine\Scripting\JavaScriptEngine.cs(548,31): warning CS0414: The field 'JavaScriptEngine._domContentLoadedFired' is assigned but its value is never used [C:\Users\udayk\Videos\FENBROWSER\FenBrowser.FenEngine\FenBrowser.FenEngine.csproj]
C:\Users\udayk\Videos\FENBROWSER\FenBrowser.FenEngine\Rendering\BrowserApi.cs(1279,22): warning CS0414: The field 'BrowserHost._pointerDown' is assigned but its value is never used [C:\Users\udayk\Videos\FENBROWSER\FenBrowser.FenEngine\FenBrowser.FenEngine.csproj]
C:\Users\udayk\Videos\FENBROWSER\FenBrowser.FenEngine\Scripting\JavaScriptEngine.cs(549,31): warning CS0414: The field 'JavaScriptEngine._windowLoadFired' is assigned but its value is never used [C:\Users\udayk\Videos\FENBROWSER\FenBrowser.FenEngine\FenBrowser.FenEngine.csproj]
C:\Users\udayk\Videos\FENBROWSER\FenBrowser.FenEngine\Scripting\JavaScriptEngine.cs(323,21): warning CS0414: The field 'JavaScriptEngine._inlineThreshold' is assigned but its value is never used [C:\Users\udayk\Videos\FENBROWSER\FenBrowser.FenEngine\FenBrowser.FenEngine.csproj]
C:\Users\udayk\Videos\FENBROWSER\FenBrowser.FenEngine\Scripting\JavaScriptEngine.cs(332,21): warning CS0414: The field 'JavaScriptEngine._pageScriptBytesUsed' is assigned but its value is never used [C:\Users\udayk\Videos\FENBROWSER\FenBrowser.FenEngine\FenBrowser.FenEngine.csproj]
C:\Users\udayk\Videos\FENBROWSER\FenBrowser.FenEngine\Scripting\JavaScriptEngine.cs(320,31): warning CS0414: The field 'JavaScriptEngine._responseCleanupRunning' is assigned but its value is never used [C:\Users\udayk\Videos\FENBROWSER\FenBrowser.FenEngine\FenBrowser.FenEngine.csproj]
C:\Users\udayk\Videos\FENBROWSER\FenBrowser.FenEngine\Rendering\BrowserApi.cs(987,24): warning CS0414: The field 'BrowserHost._asyncScriptResult' is assigned but its value is never used [C:\Users\udayk\Videos\FENBROWSER\FenBrowser.FenEngine\FenBrowser.FenEngine.csproj]
C:\Users\udayk\Videos\FENBROWSER\FenBrowser.FenEngine\Scripting\JavaScriptEngine.cs(348,30): warning CS0414: The field 'JavaScriptEngine._scriptCap' is assigned but its value is never used [C:\Users\udayk\Videos\FENBROWSER\FenBrowser.FenEngine\FenBrowser.FenEngine.csproj]
C:\Users\udayk\Videos\FENBROWSER\FenBrowser.FenEngine\Rendering\BrowserApi.cs(988,22): warning CS0414: The field 'BrowserHost._asyncScriptDone' is assigned but its value is never used [C:\Users\udayk\Videos\FENBROWSER\FenBrowser.FenEngine\FenBrowser.FenEngine.csproj]
C:\Users\udayk\Videos\FENBROWSER\FenBrowser.FenEngine\Scripting\JavaScriptEngine.cs(198,24): warning CS0414: The field 'JavaScriptEngine._readyState' is assigned but its value is never used [C:\Users\udayk\Videos\FENBROWSER\FenBrowser.FenEngine\FenBrowser.FenEngine.csproj]
C:\Users\udayk\Videos\FENBROWSER\FenBrowser.FenEngine\Scripting\JavaScriptEngine.cs(92,29): error CS1061: 'IJsHost' does not contain a definition for 'ConsoleMessage' and no accessible extension method 'ConsoleMessage' accepting a first argument of type 'IJsHost' could be found (are you missing a using directive or an assembly reference?) [C:\Users\udayk\Videos\FENBROWSER\FenBrowser.FenEngine\FenBrowser.FenEngine.csproj]
    107 Warning(s)
    1 Error(s)

Time Elapsed 00:00:01.35
