Build started 12/3/2025 9:43:21 AM.
     1>Project "C:\Users\udayk\Videos\FENBROWSER\FenBrowser.UI\FenBrowser.UI.csproj" on node 1 (Restore target(s)).
     1>_GetAllRestoreProjectPathItems:
         Determining projects to restore...
       Restore:
         X.509 certificate chain validation will use the default trust store selected by .NET for code signing.
         X.509 certificate chain validation will use the default trust store selected by .NET for timestamping.
         Assets file has not changed. Skipping assets file writing. Path: C:\Users\udayk\Videos\FENBROWSER\FenBrowser.Core\obj\project.assets.json
         Assets file has not changed. Skipping assets file writing. Path: C:\Users\udayk\Videos\FENBROWSER\FenBrowser.UI\obj\project.assets.json
         Assets file has not changed. Skipping assets file writing. Path: C:\Users\udayk\Videos\FENBROWSER\FenBrowser.FenEngine\obj\project.assets.json
         Restored C:\Users\udayk\Videos\FENBROWSER\FenBrowser.FenEngine\FenBrowser.FenEngine.csproj (in 40 ms).
         Restored C:\Users\udayk\Videos\FENBROWSER\FenBrowser.UI\FenBrowser.UI.csproj (in 40 ms).
         Restored C:\Users\udayk\Videos\FENBROWSER\FenBrowser.Core\FenBrowser.Core.csproj (in 40 ms).
         
         NuGet Config files used:
             C:\Users\udayk\AppData\Roaming\NuGet\NuGet.Config
             C:\Program Files (x86)\NuGet\Config\Microsoft.VisualStudio.FallbackLocation.config
             C:\Program Files (x86)\NuGet\Config\Microsoft.VisualStudio.Offline.config
         
         Feeds used:
             https://api.nuget.org/v3/index.json
             C:\Program Files (x86)\Microsoft SDKs\NuGetPackages\
         All projects are up-to-date for restore.
     1>Done Building Project "C:\Users\udayk\Videos\FENBROWSER\FenBrowser.UI\FenBrowser.UI.csproj" (Restore target(s)).
   1:7>Project "C:\Users\udayk\Videos\FENBROWSER\FenBrowser.UI\FenBrowser.UI.csproj" on node 2 (default targets).
   1:7>Project "C:\Users\udayk\Videos\FENBROWSER\FenBrowser.UI\FenBrowser.UI.csproj" (1:7) is building "C:\Users\udayk\Videos\FENBROWSER\FenBrowser.Core\FenBrowser.Core.csproj" (3:7) on node 1 (default targets).
     3>GenerateTargetFrameworkMonikerAttribute:
       Skipping target "GenerateTargetFrameworkMonikerAttribute" because all output files are up-to-date with respect to the input files.
       CoreGenerateAssemblyInfo:
       Skipping target "CoreGenerateAssemblyInfo" because all output files are up-to-date with respect to the input files.
       _GenerateSourceLinkFile:
         Source Link file 'obj\Debug\net8.0\FenBrowser.Core.sourcelink.json' is up-to-date.
       CoreCompile:
       Skipping target "CoreCompile" because all output files are up-to-date with respect to the input files.
       GenerateBuildDependencyFile:
       Skipping target "GenerateBuildDependencyFile" because all output files are up-to-date with respect to the input files.
       CopyFilesToOutputDirectory:
         FenBrowser.Core -> C:\Users\udayk\Videos\FENBROWSER\FenBrowser.Core\bin\Debug\net8.0\FenBrowser.Core.dll
     3>Done Building Project "C:\Users\udayk\Videos\FENBROWSER\FenBrowser.Core\FenBrowser.Core.csproj" (default targets).
   1:7>Project "C:\Users\udayk\Videos\FENBROWSER\FenBrowser.UI\FenBrowser.UI.csproj" (1:7) is building "C:\Users\udayk\Videos\FENBROWSER\FenBrowser.FenEngine\FenBrowser.FenEngine.csproj" (2:6) on node 2 (default targets).
     2>GenerateTargetFrameworkMonikerAttribute:
       Skipping target "GenerateTargetFrameworkMonikerAttribute" because all output files are up-to-date with respect to the input files.
       CoreGenerateAssemblyInfo:
       Skipping target "CoreGenerateAssemblyInfo" because all output files are up-to-date with respect to the input files.
       _GenerateSourceLinkFile:
         Source Link file 'obj\Debug\net8.0\FenBrowser.FenEngine.sourcelink.json' is up-to-date.
       CoreCompile:
       Skipping target "CoreCompile" because all output files are up-to-date with respect to the input files.
       GenerateBuildDependencyFile:
       Skipping target "GenerateBuildDependencyFile" because all output files are up-to-date with respect to the input files.
       CopyFilesToOutputDirectory:
         FenBrowser.FenEngine -> C:\Users\udayk\Videos\FENBROWSER\FenBrowser.FenEngine\bin\Debug\net8.0\FenBrowser.FenEngine.dll
     2>Done Building Project "C:\Users\udayk\Videos\FENBROWSER\FenBrowser.FenEngine\FenBrowser.FenEngine.csproj" (default targets).
     1>GenerateAvaloniaResources:
       Skipping target "GenerateAvaloniaResources" because all output files are up-to-date with respect to the input files.
       GenerateTargetFrameworkMonikerAttribute:
       Skipping target "GenerateTargetFrameworkMonikerAttribute" because all output files are up-to-date with respect to the input files.
       CoreGenerateAssemblyInfo:
       Skipping target "CoreGenerateAssemblyInfo" because all output files are up-to-date with respect to the input files.
       _GenerateSourceLinkFile:
         Source Link file 'obj\Debug\net8.0\FenBrowser.UI.sourcelink.json' is up-to-date.
       CoreCompile:
         C:\Program Files\dotnet\dotnet.exe exec "C:\Program Files\dotnet\sdk\9.0.306\Roslyn\bincore\csc.dll" /noconfig /unsafe- /checked- /nowarn:1701,1702,1701,1702 /fullpaths /nostdlib+ /errorreport:prompt /warn:8 /define:TRACE;DEBUG;NET;NET8_0;NETCOREAPP;NET5_0_OR_GREATER;NET6_0_OR_GREATER;NET7_0_OR_GREATER;NET8_0_OR_GREATER;NETCOREAPP1_0_OR_GREATER;NETCOREAPP1_1_OR_GREATER;NETCOREAPP2_0_OR_GREATER;NETCOREAPP2_1_OR_GREATER;NETCOREAPP2_2_OR_GREATER;NETCOREAPP3_0_OR_GREATER;NETCOREAPP3_1_OR_GREATER /main:FenBrowser.UI.Program /highentropyva+ /nullable:enable /reference:C:\Users\udayk\.nuget\packages\avalonia\11.3.9\ref\net8.0\Avalonia.Base.dll /reference:C:\Users\udayk\.nuget\packages\avalonia\11.3.9\ref\net8.0\Avalonia.Controls.dll /reference:C:\Users\udayk\.nuget\packages\avalonia\11.3.9\ref\net8.0\Avalonia.DesignerSupport.dll /reference:C:\Users\udayk\.nuget\packages\avalonia.desktop\11.3.9\lib\net8.0\Avalonia.Desktop.dll /reference:C:\Users\udayk\.nuget\packages\avalonia\11.3.9\ref\net8.0\Avalonia.Dialogs.dll /reference:C:\Users\udayk\.nuget\packages\avalonia\11.3.9\ref\net8.0\Avalonia.dll /reference:C:\Users\udayk\.nuget\packages\avalonia.fonts.inter\11.3.9\lib\net8.0\Avalonia.Fonts.Inter.dll /reference:C:\Users\udayk\.nuget\packages\avalonia.freedesktop\11.3.9\lib\net8.0\Avalonia.FreeDesktop.dll /reference:C:\Users\udayk\.nuget\packages\avalonia\11.3.9\ref\net8.0\Avalonia.Markup.dll /reference:C:\Users\udayk\.nuget\packages\avalonia\11.3.9\ref\net8.0\Avalonia.Markup.Xaml.dll /reference:C:\Users\udayk\.nuget\packages\avalonia\11.3.9\ref\net8.0\Avalonia.Metal.dll /reference:C:\Users\udayk\.nuget\packages\avalonia\11.3.9\ref\net8.0\Avalonia.MicroCom.dll /reference:C:\Users\udayk\.nuget\packages\avalonia.native\11.3.9\lib\net8.0\Avalonia.Native.dll /reference:C:\Users\udayk\.nuget\packages\avalonia\11.3.9\ref\net8.0\Avalonia.OpenGL.dll /reference:C:\Users\udayk\.nuget\packages\avalonia.remote.protocol\11.3.9\lib\net8.0\Avalonia.Remote.Protocol.dll /reference:C:\Users\udayk\.nuget\packages\avalonia.skia\11.3.9\lib\net8.0\Avalonia.Skia.dll /reference:C:\Users\udayk\.nuget\packages\avalonia.themes.fluent\11.3.9\lib\net8.0\Avalonia.Themes.Fluent.dll /reference:C:\Users\udayk\.nuget\packages\avalonia\11.3.9\ref\net8.0\Avalonia.Vulkan.dll /reference:C:\Users\udayk\.nuget\packages\avalonia.win32\11.3.9\lib\net8.0\Avalonia.Win32.Automation.dll /reference:C:\Users\udayk\.nuget\packages\avalonia.win32\11.3.9\lib\net8.0\Avalonia.Win32.dll /reference:C:\Users\udayk\.nuget\packages\avalonia.x11\11.3.9\lib\net8.0\Avalonia.X11.dll /reference:C:\Users\udayk\Videos\FENBROWSER\FenBrowser.Core\obj\Debug\net8.0\ref\FenBrowser.Core.dll /reference:C:\Users\udayk\Videos\FENBROWSER\FenBrowser.FenEngine\obj\Debug\net8.0\ref\FenBrowser.FenEngine.dll /reference:C:\Users\udayk\.nuget\packages\harfbuzzsharp\8.3.1.1\lib\net8.0\HarfBuzzSharp.dll /reference:C:\Users\udayk\.nuget\packages\microcom.runtime\0.11.0\lib\net5.0\MicroCom.Runtime.dll /reference:"C:\Program Files\dotnet\packs\Microsoft.NETCore.App.Ref\8.0.21\ref\net8.0\Microsoft.CSharp.dll" /reference:"C:\Program Files\dotnet\packs\Microsoft.NETCore.App.Ref\8.0.21\ref\net8.0\Microsoft.VisualBasic.Core.dll" /reference:"C:\Program Files\dotnet\packs\Microsoft.NETCore.App.Ref\8.0.21\ref\net8.0\Microsoft.VisualBasic.dll" /reference:"C:\Program Files\dotnet\packs\Microsoft.NETCore.App.Ref\8.0.21\ref\net8.0\Microsoft.Win32.Primitives.dll" /reference:"C:\Program Files\dotnet\packs\Microsoft.NETCore.App.Ref\8.0.21\ref\net8.0\Microsoft.Win32.Registry.dll" /reference:"C:\Program Files\dotnet\packs\Microsoft.NETCore.App.Ref\8.0.21\ref\net8.0\mscorlib.dll" /reference:"C:\Program Files\dotnet\packs\Microsoft.NETCore.App.Ref\8.0.21\ref\net8.0\netstandard.dll" /reference:C:\Users\udayk\.nuget\packages\skiasharp\2.88.9\lib\net6.0\SkiaSharp.dll /reference:"C:\Program Files\dotnet\packs\Microsoft.NETCore.App.Ref\8.0.21\ref\net8.0\System.AppContext.dll" /reference:"C:\Program Files\dotnet\packs\Microsoft.NETCore.App.Ref\8.0.21\ref\net8.0\System.Buffers.dll" /reference:"C:\Program Files\dotnet\packs\Microsoft.NETCore.App.Ref\8.0.21\ref\net8.0\System.Collections.Concurrent.dll" /reference:"C:\Program Files\dotnet\packs\Microsoft.NETCore.App.Ref\8.0.21\ref\net8.0\System.Collections.dll" /reference:"C:\Program Files\dotnet\packs\Microsoft.NETCore.App.Ref\8.0.21\ref\net8.0\System.Collections.Immutable.dll" /reference:"C:\Program Files\dotnet\packs\Microsoft.NETCore.App.Ref\8.0.21\ref\net8.0\System.Collections.NonGeneric.dll" /reference:"C:\Program Files\dotnet\packs\Microsoft.NETCore.App.Ref\8.0.21\ref\net8.0\System.Collections.Specialized.dll" /reference:"C:\Program Files\dotnet\packs\Microsoft.NETCore.App.Ref\8.0.21\ref\net8.0\System.ComponentModel.Annotations.dll" /reference:"C:\Program Files\dotnet\packs\Microsoft.NETCore.App.Ref\8.0.21\ref\net8.0\System.ComponentModel.DataAnnotations.dll" /reference:"C:\Program Files\dotnet\packs\Microsoft.NETCore.App.Ref\8.0.21\ref\net8.0\System.ComponentModel.dll" /reference:"C:\Program Files\dotnet\packs\Microsoft.NETCore.App.Ref\8.0.21\ref\net8.0\System.ComponentModel.EventBasedAsync.dll" /reference:"C:\Program Files\dotnet\packs\Microsoft.NETCore.App.Ref\8.0.21\ref\net8.0\System.ComponentModel.Primitives.dll" /reference:"C:\Program Files\dotnet\packs\Microsoft.NETCore.App.Ref\8.0.21\ref\net8.0\System.ComponentModel.TypeConverter.dll" /reference:"C:\Program Files\dotnet\packs\Microsoft.NETCore.App.Ref\8.0.21\ref\net8.0\System.Configuration.dll" /reference:"C:\Program Files\dotnet\packs\Microsoft.NETCore.App.Ref\8.0.21\ref\net8.0\System.Console.dll" /reference:"C:\Program Files\dotnet\packs\Microsoft.NETCore.App.Ref\8.0.21\ref\net8.0\System.Core.dll" /reference:"C:\Program Files\dotnet\packs\Microsoft.NETCore.App.Ref\8.0.21\ref\net8.0\System.Data.Common.dll" /reference:"C:\Program Files\dotnet\packs\Microsoft.NETCore.App.Ref\8.0.21\ref\net8.0\System.Data.DataSetExtensions.dll" /reference:"C:\Program Files\dotnet\packs\Microsoft.NETCore.App.Ref\8.0.21\ref\net8.0\System.Data.dll" /reference:"C:\Program Files\dotnet\packs\Microsoft.NETCore.App.Ref\8.0.21\ref\net8.0\System.Diagnostics.Contracts.dll" /reference:"C:\Program Files\dotnet\packs\Microsoft.NETCore.App.Ref\8.0.21\ref\net8.0\System.Diagnostics.Debug.dll" /reference:"C:\Program Files\dotnet\packs\Microsoft.NETCore.App.Ref\8.0.21\ref\net8.0\System.Diagnostics.DiagnosticSource.dll" /reference:"C:\Program Files\dotnet\packs\Microsoft.NETCore.App.Ref\8.0.21\ref\net8.0\System.Diagnostics.FileVersionInfo.dll" /reference:"C:\Program Files\dotnet\packs\Microsoft.NETCore.App.Ref\8.0.21\ref\net8.0\System.Diagnostics.Process.dll" /reference:"C:\Program Files\dotnet\packs\Microsoft.NETCore.App.Ref\8.0.21\ref\net8.0\System.Diagnostics.StackTrace.dll" /reference:"C:\Program Files\dotnet\packs\Microsoft.NETCore.App.Ref\8.0.21\ref\net8.0\System.Diagnostics.TextWriterTraceListener.dll" /reference:"C:\Program Files\dotnet\packs\Microsoft.NETCore.App.Ref\8.0.21\ref\net8.0\System.Diagnostics.Tools.dll" /reference:"C:\Program Files\dotnet\packs\Microsoft.NETCore.App.Ref\8.0.21\ref\net8.0\System.Diagnostics.TraceSource.dll" /reference:"C:\Program Files\dotnet\packs\Microsoft.NETCore.App.Ref\8.0.21\ref\net8.0\System.Diagnostics.Tracing.dll" /reference:"C:\Program Files\dotnet\packs\Microsoft.NETCore.App.Ref\8.0.21\ref\net8.0\System.dll" /reference:"C:\Program Files\dotnet\packs\Microsoft.NETCore.App.Ref\8.0.21\ref\net8.0\System.Drawing.dll" /reference:"C:\Program Files\dotnet\packs\Microsoft.NETCore.App.Ref\8.0.21\ref\net8.0\System.Drawing.Primitives.dll" /reference:"C:\Program Files\dotnet\packs\Microsoft.NETCore.App.Ref\8.0.21\ref\net8.0\System.Dynamic.Runtime.dll" /reference:"C:\Program Files\dotnet\packs\Microsoft.NETCore.App.Ref\8.0.21\ref\net8.0\System.Formats.Asn1.dll" /reference:"C:\Program Files\dotnet\packs\Microsoft.NETCore.App.Ref\8.0.21\ref\net8.0\System.Formats.Tar.dll" /reference:"C:\Program Files\dotnet\packs\Microsoft.NETCore.App.Ref\8.0.21\ref\net8.0\System.Globalization.Calendars.dll" /reference:"C:\Program Files\dotnet\packs\Microsoft.NETCore.App.Ref\8.0.21\ref\net8.0\System.Globalization.dll" /reference:"C:\Program Files\dotnet\packs\Microsoft.NETCore.App.Ref\8.0.21\ref\net8.0\System.Globalization.Extensions.dll" /reference:"C:\Program Files\dotnet\packs\Microsoft.NETCore.App.Ref\8.0.21\ref\net8.0\System.IO.Compression.Brotli.dll" /reference:"C:\Program Files\dotnet\packs\Microsoft.NETCore.App.Ref\8.0.21\ref\net8.0\System.IO.Compression.dll" /reference:"C:\Program Files\dotnet\packs\Microsoft.NETCore.App.Ref\8.0.21\ref\net8.0\System.IO.Compression.FileSystem.dll" /reference:"C:\Program Files\dotnet\packs\Microsoft.NETCore.App.Ref\8.0.21\ref\net8.0\System.IO.Compression.ZipFile.dll" /reference:"C:\Program Files\dotnet\packs\Microsoft.NETCore.App.Ref\8.0.21\ref\net8.0\System.IO.dll" /reference:"C:\Program Files\dotnet\packs\Microsoft.NETCore.App.Ref\8.0.21\ref\net8.0\System.IO.FileSystem.AccessControl.dll" /reference:"C:\Program Files\dotnet\packs\Microsoft.NETCore.App.Ref\8.0.21\ref\net8.0\System.IO.FileSystem.dll" /reference:"C:\Program Files\dotnet\packs\Microsoft.NETCore.App.Ref\8.0.21\ref\net8.0\System.IO.FileSystem.DriveInfo.dll" /reference:"C:\Program Files\dotnet\packs\Microsoft.NETCore.App.Ref\8.0.21\ref\net8.0\System.IO.FileSystem.Primitives.dll" /reference:"C:\Program Files\dotnet\packs\Microsoft.NETCore.App.Ref\8.0.21\ref\net8.0\System.IO.FileSystem.Watcher.dll" /reference:"C:\Program Files\dotnet\packs\Microsoft.NETCore.App.Ref\8.0.21\ref\net8.0\System.IO.IsolatedStorage.dll" /reference:"C:\Program Files\dotnet\packs\Microsoft.NETCore.App.Ref\8.0.21\ref\net8.0\System.IO.MemoryMappedFiles.dll" /reference:C:\Users\udayk\.nuget\packages\system.io.pipelines\8.0.0\lib\net8.0\System.IO.Pipelines.dll /reference:"C:\Program Files\dotnet\packs\Microsoft.NETCore.App.Ref\8.0.21\ref\net8.0\System.IO.Pipes.AccessControl.dll" /reference:"C:\Program Files\dotnet\packs\Microsoft.NETCore.App.Ref\8.0.21\ref\net8.0\System.IO.Pipes.dll" /reference:"C:\Program Files\dotnet\packs\Microsoft.NETCore.App.Ref\8.0.21\ref\net8.0\System.IO.UnmanagedMemoryStream.dll" /reference:"C:\Program Files\dotnet\packs\Microsoft.NETCore.App.Ref\8.0.21\ref\net8.0\System.Linq.dll" /reference:"C:\Program Files\dotnet\packs\Microsoft.NETCore.App.Ref\8.0.21\ref\net8.0\System.Linq.Expressions.dll" /reference:"C:\Program Files\dotnet\packs\Microsoft.NETCore.App.Ref\8.0.21\ref\net8.0\System.Linq.Parallel.dll" /reference:"C:\Program Files\dotnet\packs\Microsoft.NETCore.App.Ref\8.0.21\ref\net8.0\System.Linq.Queryable.dll" /reference:"C:\Program Files\dotnet\packs\Microsoft.NETCore.App.Ref\8.0.21\ref\net8.0\System.Memory.dll" /reference:"C:\Program Files\dotnet\packs\Microsoft.NETCore.App.Ref\8.0.21\ref\net8.0\System.Net.dll" /reference:"C:\Program Files\dotnet\packs\Microsoft.NETCore.App.Ref\8.0.21\ref\net8.0\System.Net.Http.dll" /reference:"C:\Program Files\dotnet\packs\Microsoft.NETCore.App.Ref\8.0.21\ref\net8.0\System.Net.Http.Json.dll" /reference:"C:\Program Files\dotnet\packs\Microsoft.NETCore.App.Ref\8.0.21\ref\net8.0\System.Net.HttpListener.dll" /reference:"C:\Program Files\dotnet\packs\Microsoft.NETCore.App.Ref\8.0.21\ref\net8.0\System.Net.Mail.dll" /reference:"C:\Program Files\dotnet\packs\Microsoft.NETCore.App.Ref\8.0.21\ref\net8.0\System.Net.NameResolution.dll" /reference:"C:\Program Files\dotnet\packs\Microsoft.NETCore.App.Ref\8.0.21\ref\net8.0\System.Net.NetworkInformation.dll" /reference:"C:\Program Files\dotnet\packs\Microsoft.NETCore.App.Ref\8.0.21\ref\net8.0\System.Net.Ping.dll" /reference:"C:\Program Files\dotnet\packs\Microsoft.NETCore.App.Ref\8.0.21\ref\net8.0\System.Net.Primitives.dll" /reference:"C:\Program Files\dotnet\packs\Microsoft.NETCore.App.Ref\8.0.21\ref\net8.0\System.Net.Quic.dll" /reference:"C:\Program Files\dotnet\packs\Microsoft.NETCore.App.Ref\8.0.21\ref\net8.0\System.Net.Requests.dll" /reference:"C:\Program Files\dotnet\packs\Microsoft.NETCore.App.Ref\8.0.21\ref\net8.0\System.Net.Security.dll" /reference:"C:\Program Files\dotnet\packs\Microsoft.NETCore.App.Ref\8.0.21\ref\net8.0\System.Net.ServicePoint.dll" /reference:"C:\Program Files\dotnet\packs\Microsoft.NETCore.App.Ref\8.0.21\ref\net8.0\System.Net.Sockets.dll" /reference:"C:\Program Files\dotnet\packs\Microsoft.NETCore.App.Ref\8.0.21\ref\net8.0\System.Net.WebClient.dll" /reference:"C:\Program Files\dotnet\packs\Microsoft.NETCore.App.Ref\8.0.21\ref\net8.0\System.Net.WebHeaderCollection.dll" /reference:"C:\Program Files\dotnet\packs\Microsoft.NETCore.App.Ref\8.0.21\ref\net8.0\System.Net.WebProxy.dll" /reference:"C:\Program Files\dotnet\packs\Microsoft.NETCore.App.Ref\8.0.21\ref\net8.0\System.Net.WebSockets.Client.dll" /reference:"C:\Program Files\dotnet\packs\Microsoft.NETCore.App.Ref\8.0.21\ref\net8.0\System.Net.WebSockets.dll" /reference:"C:\Program Files\dotnet\packs\Microsoft.NETCore.App.Ref\8.0.21\ref\net8.0\System.Numerics.dll" /reference:"C:\Program Files\dotnet\packs\Microsoft.NETCore.App.Ref\8.0.21\ref\net8.0\System.Numerics.Vectors.dll" /reference:"C:\Program Files\dotnet\packs\Microsoft.NETCore.App.Ref\8.0.21\ref\net8.0\System.ObjectModel.dll" /reference:"C:\Program Files\dotnet\packs\Microsoft.NETCore.App.Ref\8.0.21\ref\net8.0\System.Reflection.DispatchProxy.dll" /reference:"C:\Program Files\dotnet\packs\Microsoft.NETCore.App.Ref\8.0.21\ref\net8.0\System.Reflection.dll" /reference:"C:\Program Files\dotnet\packs\Microsoft.NETCore.App.Ref\8.0.21\ref\net8.0\System.Reflection.Emit.dll" /reference:"C:\Program Files\dotnet\packs\Microsoft.NETCore.App.Ref\8.0.21\ref\net8.0\System.Reflection.Emit.ILGeneration.dll" /reference:"C:\Program Files\dotnet\packs\Microsoft.NETCore.App.Ref\8.0.21\ref\net8.0\System.Reflection.Emit.Lightweight.dll" /reference:"C:\Program Files\dotnet\packs\Microsoft.NETCore.App.Ref\8.0.21\ref\net8.0\System.Reflection.Extensions.dll" /reference:"C:\Program Files\dotnet\packs\Microsoft.NETCore.App.Ref\8.0.21\ref\net8.0\System.Reflection.Metadata.dll" /reference:"C:\Program Files\dotnet\packs\Microsoft.NETCore.App.Ref\8.0.21\ref\net8.0\System.Reflection.Primitives.dll" /reference:"C:\Program Files\dotnet\packs\Microsoft.NETCore.App.Ref\8.0.21\ref\net8.0\System.Reflection.TypeExtensions.dll" /reference:"C:\Program Files\dotnet\packs\Microsoft.NETCore.App.Ref\8.0.21\ref\net8.0\System.Resources.Reader.dll" /reference:"C:\Program Files\dotnet\packs\Microsoft.NETCore.App.Ref\8.0.21\ref\net8.0\System.Resources.ResourceManager.dll" /reference:"C:\Program Files\dotnet\packs\Microsoft.NETCore.App.Ref\8.0.21\ref\net8.0\System.Resources.Writer.dll" /reference:"C:\Program Files\dotnet\packs\Microsoft.NETCore.App.Ref\8.0.21\ref\net8.0\System.Runtime.CompilerServices.Unsafe.dll" /reference:"C:\Program Files\dotnet\packs\Microsoft.NETCore.App.Ref\8.0.21\ref\net8.0\System.Runtime.CompilerServices.VisualC.dll" /reference:"C:\Program Files\dotnet\packs\Microsoft.NETCore.App.Ref\8.0.21\ref\net8.0\System.Runtime.dll" /reference:"C:\Program Files\dotnet\packs\Microsoft.NETCore.App.Ref\8.0.21\ref\net8.0\System.Runtime.Extensions.dll" /reference:"C:\Program Files\dotnet\packs\Microsoft.NETCore.App.Ref\8.0.21\ref\net8.0\System.Runtime.Handles.dll" /reference:"C:\Program Files\dotnet\packs\Microsoft.NETCore.App.Ref\8.0.21\ref\net8.0\System.Runtime.InteropServices.dll" /reference:"C:\Program Files\dotnet\packs\Microsoft.NETCore.App.Ref\8.0.21\ref\net8.0\System.Runtime.InteropServices.JavaScript.dll" /reference:"C:\Program Files\dotnet\packs\Microsoft.NETCore.App.Ref\8.0.21\ref\net8.0\System.Runtime.InteropServices.RuntimeInformation.dll" /reference:"C:\Program Files\dotnet\packs\Microsoft.NETCore.App.Ref\8.0.21\ref\net8.0\System.Runtime.Intrinsics.dll" /reference:"C:\Program Files\dotnet\packs\Microsoft.NETCore.App.Ref\8.0.21\ref\net8.0\System.Runtime.Loader.dll" /reference:"C:\Program Files\dotnet\packs\Microsoft.NETCore.App.Ref\8.0.21\ref\net8.0\System.Runtime.Numerics.dll" /reference:"C:\Program Files\dotnet\packs\Microsoft.NETCore.App.Ref\8.0.21\ref\net8.0\System.Runtime.Serialization.dll" /reference:"C:\Program Files\dotnet\packs\Microsoft.NETCore.App.Ref\8.0.21\ref\net8.0\System.Runtime.Serialization.Formatters.dll" /reference:"C:\Program Files\dotnet\packs\Microsoft.NETCore.App.Ref\8.0.21\ref\net8.0\System.Runtime.Serialization.Json.dll" /reference:"C:\Program Files\dotnet\packs\Microsoft.NETCore.App.Ref\8.0.21\ref\net8.0\System.Runtime.Serialization.Primitives.dll" /reference:"C:\Program Files\dotnet\packs\Microsoft.NETCore.App.Ref\8.0.21\ref\net8.0\System.Runtime.Serialization.Xml.dll" /reference:"C:\Program Files\dotnet\packs\Microsoft.NETCore.App.Ref\8.0.21\ref\net8.0\System.Security.AccessControl.dll" /reference:"C:\Program Files\dotnet\packs\Microsoft.NETCore.App.Ref\8.0.21\ref\net8.0\System.Security.Claims.dll" /reference:"C:\Program Files\dotnet\packs\Microsoft.NETCore.App.Ref\8.0.21\ref\net8.0\System.Security.Cryptography.Algorithms.dll" /reference:"C:\Program Files\dotnet\packs\Microsoft.NETCore.App.Ref\8.0.21\ref\net8.0\System.Security.Cryptography.Cng.dll" /reference:"C:\Program Files\dotnet\packs\Microsoft.NETCore.App.Ref\8.0.21\ref\net8.0\System.Security.Cryptography.Csp.dll" /reference:"C:\Program Files\dotnet\packs\Microsoft.NETCore.App.Ref\8.0.21\ref\net8.0\System.Security.Cryptography.dll" /reference:"C:\Program Files\dotnet\packs\Microsoft.NETCore.App.Ref\8.0.21\ref\net8.0\System.Security.Cryptography.Encoding.dll" /reference:"C:\Program Files\dotnet\packs\Microsoft.NETCore.App.Ref\8.0.21\ref\net8.0\System.Security.Cryptography.OpenSsl.dll" /reference:"C:\Program Files\dotnet\packs\Microsoft.NETCore.App.Ref\8.0.21\ref\net8.0\System.Security.Cryptography.Primitives.dll" /reference:"C:\Program Files\dotnet\packs\Microsoft.NETCore.App.Ref\8.0.21\ref\net8.0\System.Security.Cryptography.X509Certificates.dll" /reference:"C:\Program Files\dotnet\packs\Microsoft.NETCore.App.Ref\8.0.21\ref\net8.0\System.Security.dll" /reference:"C:\Program Files\dotnet\packs\Microsoft.NETCore.App.Ref\8.0.21\ref\net8.0\System.Security.Principal.dll" /reference:"C:\Program Files\dotnet\packs\Microsoft.NETCore.App.Ref\8.0.21\ref\net8.0\System.Security.Principal.Windows.dll" /reference:"C:\Program Files\dotnet\packs\Microsoft.NETCore.App.Ref\8.0.21\ref\net8.0\System.Security.SecureString.dll" /reference:"C:\Program Files\dotnet\packs\Microsoft.NETCore.App.Ref\8.0.21\ref\net8.0\System.ServiceModel.Web.dll" /reference:"C:\Program Files\dotnet\packs\Microsoft.NETCore.App.Ref\8.0.21\ref\net8.0\System.ServiceProcess.dll" /reference:"C:\Program Files\dotnet\packs\Microsoft.NETCore.App.Ref\8.0.21\ref\net8.0\System.Text.Encoding.CodePages.dll" /reference:"C:\Program Files\dotnet\packs\Microsoft.NETCore.App.Ref\8.0.21\ref\net8.0\System.Text.Encoding.dll" /reference:"C:\Program Files\dotnet\packs\Microsoft.NETCore.App.Ref\8.0.21\ref\net8.0\System.Text.Encoding.Extensions.dll" /reference:"C:\Program Files\dotnet\packs\Microsoft.NETCore.App.Ref\8.0.21\ref\net8.0\System.Text.Encodings.Web.dll" /reference:"C:\Program Files\dotnet\packs\Microsoft.NETCore.App.Ref\8.0.21\ref\net8.0\System.Text.Json.dll" /reference:"C:\Program Files\dotnet\packs\Microsoft.NETCore.App.Ref\8.0.21\ref\net8.0\System.Text.RegularExpressions.dll" /reference:"C:\Program Files\dotnet\packs\Microsoft.NETCore.App.Ref\8.0.21\ref\net8.0\System.Threading.Channels.dll" /reference:"C:\Program Files\dotnet\packs\Microsoft.NETCore.App.Ref\8.0.21\ref\net8.0\System.Threading.dll" /reference:"C:\Program Files\dotnet\packs\Microsoft.NETCore.App.Ref\8.0.21\ref\net8.0\System.Threading.Overlapped.dll" /reference:"C:\Program Files\dotnet\packs\Microsoft.NETCore.App.Ref\8.0.21\ref\net8.0\System.Threading.Tasks.Dataflow.dll" /reference:"C:\Program Files\dotnet\packs\Microsoft.NETCore.App.Ref\8.0.21\ref\net8.0\System.Threading.Tasks.dll" /reference:"C:\Program Files\dotnet\packs\Microsoft.NETCore.App.Ref\8.0.21\ref\net8.0\System.Threading.Tasks.Extensions.dll" /reference:"C:\Program Files\dotnet\packs\Microsoft.NETCore.App.Ref\8.0.21\ref\net8.0\System.Threading.Tasks.Parallel.dll" /reference:"C:\Program Files\dotnet\packs\Microsoft.NETCore.App.Ref\8.0.21\ref\net8.0\System.Threading.Thread.dll" /reference:"C:\Program Files\dotnet\packs\Microsoft.NETCore.App.Ref\8.0.21\ref\net8.0\System.Threading.ThreadPool.dll" /reference:"C:\Program Files\dotnet\packs\Microsoft.NETCore.App.Ref\8.0.21\ref\net8.0\System.Threading.Timer.dll" /reference:"C:\Program Files\dotnet\packs\Microsoft.NETCore.App.Ref\8.0.21\ref\net8.0\System.Transactions.dll" /reference:"C:\Program Files\dotnet\packs\Microsoft.NETCore.App.Ref\8.0.21\ref\net8.0\System.Transactions.Local.dll" /reference:"C:\Program Files\dotnet\packs\Microsoft.NETCore.App.Ref\8.0.21\ref\net8.0\System.ValueTuple.dll" /reference:"C:\Program Files\dotnet\packs\Microsoft.NETCore.App.Ref\8.0.21\ref\net8.0\System.Web.dll" /reference:"C:\Program Files\dotnet\packs\Microsoft.NETCore.App.Ref\8.0.21\ref\net8.0\System.Web.HttpUtility.dll" /reference:"C:\Program Files\dotnet\packs\Microsoft.NETCore.App.Ref\8.0.21\ref\net8.0\System.Windows.dll" /reference:"C:\Program Files\dotnet\packs\Microsoft.NETCore.App.Ref\8.0.21\ref\net8.0\System.Xml.dll" /reference:"C:\Program Files\dotnet\packs\Microsoft.NETCore.App.Ref\8.0.21\ref\net8.0\System.Xml.Linq.dll" /reference:"C:\Program Files\dotnet\packs\Microsoft.NETCore.App.Ref\8.0.21\ref\net8.0\System.Xml.ReaderWriter.dll" /reference:"C:\Program Files\dotnet\packs\Microsoft.NETCore.App.Ref\8.0.21\ref\net8.0\System.Xml.Serialization.dll" /reference:"C:\Program Files\dotnet\packs\Microsoft.NETCore.App.Ref\8.0.21\ref\net8.0\System.Xml.XDocument.dll" /reference:"C:\Program Files\dotnet\packs\Microsoft.NETCore.App.Ref\8.0.21\ref\net8.0\System.Xml.XmlDocument.dll" /reference:"C:\Program Files\dotnet\packs\Microsoft.NETCore.App.Ref\8.0.21\ref\net8.0\System.Xml.XmlSerializer.dll" /reference:"C:\Program Files\dotnet\packs\Microsoft.NETCore.App.Ref\8.0.21\ref\net8.0\System.Xml.XPath.dll" /reference:"C:\Program Files\dotnet\packs\Microsoft.NETCore.App.Ref\8.0.21\ref\net8.0\System.Xml.XPath.XDocument.dll" /reference:C:\Users\udayk\.nuget\packages\tmds.dbus.protocol\0.21.2\lib\net8.0\Tmds.DBus.Protocol.dll /reference:"C:\Program Files\dotnet\packs\Microsoft.NETCore.App.Ref\8.0.21\ref\net8.0\WindowsBase.dll" /debug+ /debug:portable /filealign:512 /optimize- /out:obj\Debug\net8.0\FenBrowser.UI.dll /refout:obj\Debug\net8.0\refint\FenBrowser.UI.dll /resource:obj\Debug\net8.0\/Avalonia/resources,"!AvaloniaResources" /target:winexe /warnaserror- /utf8output /deterministic+ /sourcelink:obj\Debug\net8.0\FenBrowser.UI.sourcelink.json /langversion:12.0 /embed:obj\Debug\net8.0\FenBrowser.UI.GlobalUsings.g.cs /embed:"obj\Debug\net8.0\.NETCoreApp,Version=v8.0.AssemblyAttributes.cs" /embed:obj\Debug\net8.0\FenBrowser.UI.AssemblyInfo.cs /analyzerconfig:obj\Debug\net8.0\FenBrowser.UI.GeneratedMSBuildEditorConfig.editorconfig /analyzerconfig:"C:\Program Files\dotnet\sdk\9.0.306\Sdks\Microsoft.NET.Sdk\analyzers\build\config\analysislevel_8_default.globalconfig" /analyzer:"C:\Program Files\dotnet\sdk\9.0.306\Sdks\Microsoft.NET.Sdk\targets\..\analyzers\Microsoft.CodeAnalysis.CSharp.NetAnalyzers.dll" /analyzer:"C:\Program Files\dotnet\sdk\9.0.306\Sdks\Microsoft.NET.Sdk\targets\..\analyzers\Microsoft.CodeAnalysis.NetAnalyzers.dll" /analyzer:C:\Users\udayk\.nuget\packages\avalonia\11.3.9\analyzers\dotnet\cs\Avalonia.Analyzers.dll /analyzer:C:\Users\udayk\.nuget\packages\avalonia\11.3.9\analyzers\dotnet\cs\Avalonia.Generators.dll /analyzer:"C:\Program Files\dotnet\packs\Microsoft.NETCore.App.Ref\8.0.21\analyzers/dotnet/cs/Microsoft.Interop.ComInterfaceGenerator.dll" /analyzer:"C:\Program Files\dotnet\packs\Microsoft.NETCore.App.Ref\8.0.21\analyzers/dotnet/cs/Microsoft.Interop.JavaScript.JSImportGenerator.dll" /analyzer:"C:\Program Files\dotnet\packs\Microsoft.NETCore.App.Ref\8.0.21\analyzers/dotnet/cs/Microsoft.Interop.LibraryImportGenerator.dll" /analyzer:"C:\Program Files\dotnet\packs\Microsoft.NETCore.App.Ref\8.0.21\analyzers/dotnet/cs/Microsoft.Interop.SourceGeneration.dll" /analyzer:"C:\Program Files\dotnet\packs\Microsoft.NETCore.App.Ref\8.0.21\analyzers/dotnet/cs/System.Text.Json.SourceGeneration.dll" /analyzer:"C:\Program Files\dotnet\packs\Microsoft.NETCore.App.Ref\8.0.21\analyzers/dotnet/cs/System.Text.RegularExpressions.Generator.dll" /additionalfile:App.axaml /additionalfile:DevToolsView.axaml /additionalfile:DevToolsWindow.axaml /additionalfile:LogViewerWindow.axaml /additionalfile:MainWindow.axaml /additionalfile:SettingsPage.axaml /additionalfile:SettingsWindow.axaml App.axaml.cs DevToolsView.axaml.cs DevToolsWindow.axaml.cs LogViewerWindow.axaml.cs MainWindow.axaml.cs Program.cs SettingsPage.axaml.cs SettingsWindow.axaml.cs WebDriver\WebDriverServer.cs obj\Debug\net8.0\FenBrowser.UI.GlobalUsings.g.cs "obj\Debug\net8.0\.NETCoreApp,Version=v8.0.AssemblyAttributes.cs" obj\Debug\net8.0\FenBrowser.UI.AssemblyInfo.cs /warnaserror+:NU1605,SYSLIB0011
     1>C:\Users\udayk\Videos\FENBROWSER\FenBrowser.UI\MainWindow.axaml.cs(24,72): warning CS8612: Nullability of reference types in type of 'event PropertyChangedEventHandler TabItemModel.PropertyChanged' doesn't match implicitly implemented member 'event PropertyChangedEventHandler? INotifyPropertyChanged.PropertyChanged'. [C:\Users\udayk\Videos\FENBROWSER\FenBrowser.UI\FenBrowser.UI.csproj]
     1>C:\Users\udayk\Videos\FENBROWSER\FenBrowser.UI\MainWindow.axaml.cs(18,23): warning CS8618: Non-nullable property 'Name' must contain a non-null value when exiting constructor. Consider adding the 'required' modifier or declaring the property as nullable. [C:\Users\udayk\Videos\FENBROWSER\FenBrowser.UI\FenBrowser.UI.csproj]
     1>C:\Users\udayk\Videos\FENBROWSER\FenBrowser.UI\MainWindow.axaml.cs(19,23): warning CS8618: Non-nullable property 'Icon' must contain a non-null value when exiting constructor. Consider adding the 'required' modifier or declaring the property as nullable. [C:\Users\udayk\Videos\FENBROWSER\FenBrowser.UI\FenBrowser.UI.csproj]
     1>C:\Users\udayk\Videos\FENBROWSER\FenBrowser.UI\DevToolsView.axaml.cs(23,16): warning CS8618: Non-nullable field '_browser' must contain a non-null value when exiting constructor. Consider adding the 'required' modifier or declaring the field as nullable. [C:\Users\udayk\Videos\FENBROWSER\FenBrowser.UI\FenBrowser.UI.csproj]
     1>C:\Users\udayk\Videos\FENBROWSER\FenBrowser.UI\DevToolsView.axaml.cs(23,16): warning CS8618: Non-nullable event 'CloseRequested' must contain a non-null value when exiting constructor. Consider adding the 'required' modifier or declaring the event as nullable. [C:\Users\udayk\Videos\FENBROWSER\FenBrowser.UI\FenBrowser.UI.csproj]
     1>C:\Users\udayk\Videos\FENBROWSER\FenBrowser.UI\DevToolsWindow.axaml.cs(21,16): warning CS8618: Non-nullable field '_browser' must contain a non-null value when exiting constructor. Consider adding the 'required' modifier or declaring the field as nullable. [C:\Users\udayk\Videos\FENBROWSER\FenBrowser.UI\FenBrowser.UI.csproj]
     1>C:\Users\udayk\Videos\FENBROWSER\FenBrowser.UI\SettingsPage.axaml.cs(13,16): warning CS8618: Non-nullable event 'CloseRequested' must contain a non-null value when exiting constructor. Consider adding the 'required' modifier or declaring the event as nullable. [C:\Users\udayk\Videos\FENBROWSER\FenBrowser.UI\FenBrowser.UI.csproj]
     1>C:\Users\udayk\Videos\FENBROWSER\FenBrowser.UI\WebDriver\WebDriverServer.cs(21,16): warning CS8618: Non-nullable field '_sessionId' must contain a non-null value when exiting constructor. Consider adding the 'required' modifier or declaring the field as nullable. [C:\Users\udayk\Videos\FENBROWSER\FenBrowser.UI\FenBrowser.UI.csproj]
     1>C:\Users\udayk\Videos\FENBROWSER\FenBrowser.UI\DevToolsView.axaml.cs(47,28): warning CS8625: Cannot convert null literal to non-nullable reference type. [C:\Users\udayk\Videos\FENBROWSER\FenBrowser.UI\FenBrowser.UI.csproj]
     1>C:\Users\udayk\Videos\FENBROWSER\FenBrowser.UI\MainWindow.axaml.cs(24,72): warning CS8618: Non-nullable event 'PropertyChanged' must contain a non-null value when exiting constructor. Consider adding the 'required' modifier or declaring the event as nullable. [C:\Users\udayk\Videos\FENBROWSER\FenBrowser.UI\FenBrowser.UI.csproj]
     1>C:\Users\udayk\Videos\FENBROWSER\FenBrowser.UI\MainWindow.axaml.cs(28,23): warning CS8618: Non-nullable property 'Title' must contain a non-null value when exiting constructor. Consider adding the 'required' modifier or declaring the property as nullable. [C:\Users\udayk\Videos\FENBROWSER\FenBrowser.UI\FenBrowser.UI.csproj]
     1>C:\Users\udayk\Videos\FENBROWSER\FenBrowser.UI\MainWindow.axaml.cs(42,25): warning CS8618: Non-nullable property 'Browser' must contain a non-null value when exiting constructor. Consider adding the 'required' modifier or declaring the property as nullable. [C:\Users\udayk\Videos\FENBROWSER\FenBrowser.UI\FenBrowser.UI.csproj]
     1>C:\Users\udayk\Videos\FENBROWSER\FenBrowser.UI\MainWindow.axaml.cs(43,23): warning CS8618: Non-nullable property 'LastRenderedContent' must contain a non-null value when exiting constructor. Consider adding the 'required' modifier or declaring the property as nullable. [C:\Users\udayk\Videos\FENBROWSER\FenBrowser.UI\FenBrowser.UI.csproj]
     1>C:\Users\udayk\Videos\FENBROWSER\FenBrowser.UI\MainWindow.axaml.cs(59,29): warning CS8618: Non-nullable property 'DevToolsInstance' must contain a non-null value when exiting constructor. Consider adding the 'required' modifier or declaring the property as nullable. [C:\Users\udayk\Videos\FENBROWSER\FenBrowser.UI\FenBrowser.UI.csproj]
     1>C:\Users\udayk\Videos\FENBROWSER\FenBrowser.UI\DevToolsView.axaml.cs(62,63): warning CS8622: Nullability of reference types in type of parameter 'sender' of 'void DevToolsView.ConsoleInput_KeyDown(object sender, KeyEventArgs e)' doesn't match the target delegate 'EventHandler<KeyEventArgs>' (possibly because of nullability attributes). [C:\Users\udayk\Videos\FENBROWSER\FenBrowser.UI\FenBrowser.UI.csproj]
     1>C:\Users\udayk\Videos\FENBROWSER\FenBrowser.UI\DevToolsWindow.axaml.cs(31,13): warning CS8602: Dereference of a possibly null reference. [C:\Users\udayk\Videos\FENBROWSER\FenBrowser.UI\FenBrowser.UI.csproj]
     1>C:\Users\udayk\Videos\FENBROWSER\FenBrowser.UI\DevToolsWindow.axaml.cs(34,13): warning CS8602: Dereference of a possibly null reference. [C:\Users\udayk\Videos\FENBROWSER\FenBrowser.UI\FenBrowser.UI.csproj]
     1>C:\Users\udayk\Videos\FENBROWSER\FenBrowser.UI\DevToolsWindow.axaml.cs(34,37): warning CS8622: Nullability of reference types in type of parameter 'sender' of 'void DevToolsWindow.ConsoleInput_KeyDown(object sender, KeyEventArgs e)' doesn't match the target delegate 'EventHandler<KeyEventArgs>' (possibly because of nullability attributes). [C:\Users\udayk\Videos\FENBROWSER\FenBrowser.UI\FenBrowser.UI.csproj]
     1>C:\Users\udayk\Videos\FENBROWSER\FenBrowser.UI\DevToolsWindow.axaml.cs(37,13): warning CS8602: Dereference of a possibly null reference. [C:\Users\udayk\Videos\FENBROWSER\FenBrowser.UI\FenBrowser.UI.csproj]
     1>C:\Users\udayk\Videos\FENBROWSER\FenBrowser.UI\DevToolsWindow.axaml.cs(26,16): warning CS8618: Non-nullable field '_browser' must contain a non-null value when exiting constructor. Consider adding the 'required' modifier or declaring the field as nullable. [C:\Users\udayk\Videos\FENBROWSER\FenBrowser.UI\FenBrowser.UI.csproj]
     1>C:\Users\udayk\Videos\FENBROWSER\FenBrowser.UI\MainWindow.axaml.cs(98,31): warning CS8601: Possible null reference assignment. [C:\Users\udayk\Videos\FENBROWSER\FenBrowser.UI\FenBrowser.UI.csproj]
     1>C:\Users\udayk\Videos\FENBROWSER\FenBrowser.UI\MainWindow.axaml.cs(99,26): warning CS8601: Possible null reference assignment. [C:\Users\udayk\Videos\FENBROWSER\FenBrowser.UI\FenBrowser.UI.csproj]
     1>C:\Users\udayk\Videos\FENBROWSER\FenBrowser.UI\MainWindow.axaml.cs(100,33): warning CS8601: Possible null reference assignment. [C:\Users\udayk\Videos\FENBROWSER\FenBrowser.UI\FenBrowser.UI.csproj]
     1>C:\Users\udayk\Videos\FENBROWSER\FenBrowser.UI\MainWindow.axaml.cs(101,34): warning CS8601: Possible null reference assignment. [C:\Users\udayk\Videos\FENBROWSER\FenBrowser.UI\FenBrowser.UI.csproj]
     1>C:\Users\udayk\Videos\FENBROWSER\FenBrowser.UI\MainWindow.axaml.cs(102,27): warning CS8601: Possible null reference assignment. [C:\Users\udayk\Videos\FENBROWSER\FenBrowser.UI\FenBrowser.UI.csproj]
     1>C:\Users\udayk\Videos\FENBROWSER\FenBrowser.UI\MainWindow.axaml.cs(103,27): warning CS8601: Possible null reference assignment. [C:\Users\udayk\Videos\FENBROWSER\FenBrowser.UI\FenBrowser.UI.csproj]
     1>C:\Users\udayk\Videos\FENBROWSER\FenBrowser.UI\MainWindow.axaml.cs(133,29): warning CS8622: Nullability of reference types in type of parameter 'sender' of 'void MainWindow.OnWindowKeyDown(object sender, KeyEventArgs e)' doesn't match the target delegate 'EventHandler<KeyEventArgs>' (possibly because of nullability attributes). [C:\Users\udayk\Videos\FENBROWSER\FenBrowser.UI\FenBrowser.UI.csproj]
     1>C:\Users\udayk\Videos\FENBROWSER\FenBrowser.UI\MainWindow.axaml.cs(92,16): warning CS8618: Non-nullable field '_activeBrowser' must contain a non-null value when exiting constructor. Consider adding the 'required' modifier or declaring the field as nullable. [C:\Users\udayk\Videos\FENBROWSER\FenBrowser.UI\FenBrowser.UI.csproj]
     1>C:\Users\udayk\Videos\FENBROWSER\FenBrowser.UI\MainWindow.axaml.cs(92,16): warning CS8618: Non-nullable field '_webDriver' must contain a non-null value when exiting constructor. Consider adding the 'required' modifier or declaring the field as nullable. [C:\Users\udayk\Videos\FENBROWSER\FenBrowser.UI\FenBrowser.UI.csproj]
     1>C:\Users\udayk\Videos\FENBROWSER\FenBrowser.UI\MainWindow.axaml.cs(92,16): warning CS8618: Non-nullable field '_extensionsArea' must contain a non-null value when exiting constructor. Consider adding the 'required' modifier or declaring the field as nullable. [C:\Users\udayk\Videos\FENBROWSER\FenBrowser.UI\FenBrowser.UI.csproj]
     1>C:\Users\udayk\Videos\FENBROWSER\FenBrowser.UI\MainWindow.axaml.cs(92,16): warning CS8618: Non-nullable field '_tabsStrip' must contain a non-null value when exiting constructor. Consider adding the 'required' modifier or declaring the field as nullable. [C:\Users\udayk\Videos\FENBROWSER\FenBrowser.UI\FenBrowser.UI.csproj]
     1>C:\Users\udayk\Videos\FENBROWSER\FenBrowser.UI\MainWindow.axaml.cs(92,16): warning CS8618: Non-nullable field '_browserContainer' must contain a non-null value when exiting constructor. Consider adding the 'required' modifier or declaring the field as nullable. [C:\Users\udayk\Videos\FENBROWSER\FenBrowser.UI\FenBrowser.UI.csproj]
     1>C:\Users\udayk\Videos\FENBROWSER\FenBrowser.UI\MainWindow.axaml.cs(92,16): warning CS8618: Non-nullable field '_addressBox' must contain a non-null value when exiting constructor. Consider adding the 'required' modifier or declaring the field as nullable. [C:\Users\udayk\Videos\FENBROWSER\FenBrowser.UI\FenBrowser.UI.csproj]
     1>C:\Users\udayk\Videos\FENBROWSER\FenBrowser.UI\MainWindow.axaml.cs(92,16): warning CS8618: Non-nullable field '_loadingBar' must contain a non-null value when exiting constructor. Consider adding the 'required' modifier or declaring the field as nullable. [C:\Users\udayk\Videos\FENBROWSER\FenBrowser.UI\FenBrowser.UI.csproj]
     1>C:\Users\udayk\Videos\FENBROWSER\FenBrowser.UI\MainWindow.axaml.cs(92,16): warning CS8618: Non-nullable field '_devToolsContainer' must contain a non-null value when exiting constructor. Consider adding the 'required' modifier or declaring the field as nullable. [C:\Users\udayk\Videos\FENBROWSER\FenBrowser.UI\FenBrowser.UI.csproj]
     1>C:\Users\udayk\Videos\FENBROWSER\FenBrowser.UI\DevToolsWindow.axaml.cs(82,21): warning CS8602: Dereference of a possibly null reference. [C:\Users\udayk\Videos\FENBROWSER\FenBrowser.UI\FenBrowser.UI.csproj]
     1>C:\Users\udayk\Videos\FENBROWSER\FenBrowser.UI\DevToolsWindow.axaml.cs(86,21): warning CS8602: Dereference of a possibly null reference. [C:\Users\udayk\Videos\FENBROWSER\FenBrowser.UI\FenBrowser.UI.csproj]
     1>C:\Users\udayk\Videos\FENBROWSER\FenBrowser.UI\MainWindow.axaml.cs(138,26): error CS0103: The name 'Key' does not exist in the current context [C:\Users\udayk\Videos\FENBROWSER\FenBrowser.UI\FenBrowser.UI.csproj]
     1>C:\Users\udayk\Videos\FENBROWSER\FenBrowser.UI\MainWindow.axaml.cs(302,85): error CS0246: The type or namespace name 'KeyGesture' could not be found (are you missing a using directive or an assembly reference?) [C:\Users\udayk\Videos\FENBROWSER\FenBrowser.UI\FenBrowser.UI.csproj]
     1>C:\Users\udayk\Videos\FENBROWSER\FenBrowser.UI\MainWindow.axaml.cs(302,96): error CS0103: The name 'Key' does not exist in the current context [C:\Users\udayk\Videos\FENBROWSER\FenBrowser.UI\FenBrowser.UI.csproj]
     1>C:\Users\udayk\Videos\FENBROWSER\FenBrowser.UI\MainWindow.axaml.cs(302,103): error CS0103: The name 'KeyModifiers' does not exist in the current context [C:\Users\udayk\Videos\FENBROWSER\FenBrowser.UI\FenBrowser.UI.csproj]
     1>C:\Users\udayk\Videos\FENBROWSER\FenBrowser.UI\MainWindow.axaml.cs(308,97): error CS0246: The type or namespace name 'KeyGesture' could not be found (are you missing a using directive or an assembly reference?) [C:\Users\udayk\Videos\FENBROWSER\FenBrowser.UI\FenBrowser.UI.csproj]
     1>C:\Users\udayk\Videos\FENBROWSER\FenBrowser.UI\MainWindow.axaml.cs(308,108): error CS0103: The name 'Key' does not exist in the current context [C:\Users\udayk\Videos\FENBROWSER\FenBrowser.UI\FenBrowser.UI.csproj]
     1>C:\Users\udayk\Videos\FENBROWSER\FenBrowser.UI\MainWindow.axaml.cs(308,115): error CS0103: The name 'KeyModifiers' does not exist in the current context [C:\Users\udayk\Videos\FENBROWSER\FenBrowser.UI\FenBrowser.UI.csproj]
     1>C:\Users\udayk\Videos\FENBROWSER\FenBrowser.UI\MainWindow.axaml.cs(303,58): warning CS8604: Possible null reference argument for parameter 'sender' in 'void MainWindow.Refresh_Click(object sender, RoutedEventArgs e)'. [C:\Users\udayk\Videos\FENBROWSER\FenBrowser.UI\FenBrowser.UI.csproj]
     1>C:\Users\udayk\Videos\FENBROWSER\FenBrowser.UI\WebDriver\WebDriverServer.cs(73,24): warning CS8602: Dereference of a possibly null reference. [C:\Users\udayk\Videos\FENBROWSER\FenBrowser.UI\FenBrowser.UI.csproj]
     1>C:\Users\udayk\Videos\FENBROWSER\FenBrowser.UI\WebDriver\WebDriverServer.cs(79,39): warning CS8600: Converting null literal or possible null value to non-nullable type. [C:\Users\udayk\Videos\FENBROWSER\FenBrowser.UI\FenBrowser.UI.csproj]
     1>C:\Users\udayk\Videos\FENBROWSER\FenBrowser.UI\WebDriver\WebDriverServer.cs(88,34): warning CS8625: Cannot convert null literal to non-nullable reference type. [C:\Users\udayk\Videos\FENBROWSER\FenBrowser.UI\FenBrowser.UI.csproj]
     1>C:\Users\udayk\Videos\FENBROWSER\FenBrowser.UI\WebDriver\WebDriverServer.cs(89,36): warning CS8600: Converting null literal or possible null value to non-nullable type. [C:\Users\udayk\Videos\FENBROWSER\FenBrowser.UI\FenBrowser.UI.csproj]
     1>C:\Users\udayk\Videos\FENBROWSER\FenBrowser.UI\WebDriver\WebDriverServer.cs(97,104): warning CS8604: Possible null reference argument for parameter 'url' in 'Task<bool> IBrowser.NavigateAsync(string url)'. [C:\Users\udayk\Videos\FENBROWSER\FenBrowser.UI\FenBrowser.UI.csproj]
     1>C:\Users\udayk\Videos\FENBROWSER\FenBrowser.UI\WebDriver\WebDriverServer.cs(99,36): warning CS8600: Converting null literal or possible null value to non-nullable type. [C:\Users\udayk\Videos\FENBROWSER\FenBrowser.UI\FenBrowser.UI.csproj]
     1>C:\Users\udayk\Videos\FENBROWSER\FenBrowser.UI\WebDriver\WebDriverServer.cs(120,112): warning CS8604: Possible null reference argument for parameter 'strategy' in 'Task<string> IBrowser.FindElementAsync(string strategy, string value)'. [C:\Users\udayk\Videos\FENBROWSER\FenBrowser.UI\FenBrowser.UI.csproj]
     1>C:\Users\udayk\Videos\FENBROWSER\FenBrowser.UI\WebDriver\WebDriverServer.cs(120,122): warning CS8604: Possible null reference argument for parameter 'value' in 'Task<string> IBrowser.FindElementAsync(string strategy, string value)'. [C:\Users\udayk\Videos\FENBROWSER\FenBrowser.UI\FenBrowser.UI.csproj]
     1>C:\Users\udayk\Videos\FENBROWSER\FenBrowser.UI\WebDriver\WebDriverServer.cs(132,40): warning CS8600: Converting null literal or possible null value to non-nullable type. [C:\Users\udayk\Videos\FENBROWSER\FenBrowser.UI\FenBrowser.UI.csproj]
     1>C:\Users\udayk\Videos\FENBROWSER\FenBrowser.UI\WebDriver\WebDriverServer.cs(144,118): warning CS8604: Possible null reference argument for parameter 'script' in 'Task<object> IBrowser.ExecuteScriptAsync(string script)'. [C:\Users\udayk\Videos\FENBROWSER\FenBrowser.UI\FenBrowser.UI.csproj]
     1>C:\Users\udayk\Videos\FENBROWSER\FenBrowser.UI\WebDriver\WebDriverServer.cs(153,35): warning CS8604: Possible null reference argument for parameter 'data' in 'void WebDriverServer.SendResponse(HttpListenerResponse res, object data)'. [C:\Users\udayk\Videos\FENBROWSER\FenBrowser.UI\FenBrowser.UI.csproj]
     1>C:\Users\udayk\Videos\FENBROWSER\FenBrowser.UI\MainWindow.axaml.cs(490,60): warning CS8604: Possible null reference argument for parameter 'sender' in 'void MainWindow.OnSettingsClick(object sender, RoutedEventArgs e)'. [C:\Users\udayk\Videos\FENBROWSER\FenBrowser.UI\FenBrowser.UI.csproj]
         CompilerServer: server - server processed compilation - FenBrowser.UI (net8.0)
     1>Done Building Project "C:\Users\udayk\Videos\FENBROWSER\FenBrowser.UI\FenBrowser.UI.csproj" (default targets) -- FAILED.

Build FAILED.

       "C:\Users\udayk\Videos\FENBROWSER\FenBrowser.UI\FenBrowser.UI.csproj" (default target) (1:7) ->
       (CoreCompile target) -> 
         C:\Users\udayk\Videos\FENBROWSER\FenBrowser.UI\MainWindow.axaml.cs(24,72): warning CS8612: Nullability of reference types in type of 'event PropertyChangedEventHandler TabItemModel.PropertyChanged' doesn't match implicitly implemented member 'event PropertyChangedEventHandler? INotifyPropertyChanged.PropertyChanged'. [C:\Users\udayk\Videos\FENBROWSER\FenBrowser.UI\FenBrowser.UI.csproj]
         C:\Users\udayk\Videos\FENBROWSER\FenBrowser.UI\MainWindow.axaml.cs(18,23): warning CS8618: Non-nullable property 'Name' must contain a non-null value when exiting constructor. Consider adding the 'required' modifier or declaring the property as nullable. [C:\Users\udayk\Videos\FENBROWSER\FenBrowser.UI\FenBrowser.UI.csproj]
         C:\Users\udayk\Videos\FENBROWSER\FenBrowser.UI\MainWindow.axaml.cs(19,23): warning CS8618: Non-nullable property 'Icon' must contain a non-null value when exiting constructor. Consider adding the 'required' modifier or declaring the property as nullable. [C:\Users\udayk\Videos\FENBROWSER\FenBrowser.UI\FenBrowser.UI.csproj]
         C:\Users\udayk\Videos\FENBROWSER\FenBrowser.UI\DevToolsView.axaml.cs(23,16): warning CS8618: Non-nullable field '_browser' must contain a non-null value when exiting constructor. Consider adding the 'required' modifier or declaring the field as nullable. [C:\Users\udayk\Videos\FENBROWSER\FenBrowser.UI\FenBrowser.UI.csproj]
         C:\Users\udayk\Videos\FENBROWSER\FenBrowser.UI\DevToolsView.axaml.cs(23,16): warning CS8618: Non-nullable event 'CloseRequested' must contain a non-null value when exiting constructor. Consider adding the 'required' modifier or declaring the event as nullable. [C:\Users\udayk\Videos\FENBROWSER\FenBrowser.UI\FenBrowser.UI.csproj]
         C:\Users\udayk\Videos\FENBROWSER\FenBrowser.UI\DevToolsWindow.axaml.cs(21,16): warning CS8618: Non-nullable field '_browser' must contain a non-null value when exiting constructor. Consider adding the 'required' modifier or declaring the field as nullable. [C:\Users\udayk\Videos\FENBROWSER\FenBrowser.UI\FenBrowser.UI.csproj]
         C:\Users\udayk\Videos\FENBROWSER\FenBrowser.UI\SettingsPage.axaml.cs(13,16): warning CS8618: Non-nullable event 'CloseRequested' must contain a non-null value when exiting constructor. Consider adding the 'required' modifier or declaring the event as nullable. [C:\Users\udayk\Videos\FENBROWSER\FenBrowser.UI\FenBrowser.UI.csproj]
         C:\Users\udayk\Videos\FENBROWSER\FenBrowser.UI\WebDriver\WebDriverServer.cs(21,16): warning CS8618: Non-nullable field '_sessionId' must contain a non-null value when exiting constructor. Consider adding the 'required' modifier or declaring the field as nullable. [C:\Users\udayk\Videos\FENBROWSER\FenBrowser.UI\FenBrowser.UI.csproj]
         C:\Users\udayk\Videos\FENBROWSER\FenBrowser.UI\DevToolsView.axaml.cs(47,28): warning CS8625: Cannot convert null literal to non-nullable reference type. [C:\Users\udayk\Videos\FENBROWSER\FenBrowser.UI\FenBrowser.UI.csproj]
         C:\Users\udayk\Videos\FENBROWSER\FenBrowser.UI\MainWindow.axaml.cs(24,72): warning CS8618: Non-nullable event 'PropertyChanged' must contain a non-null value when exiting constructor. Consider adding the 'required' modifier or declaring the event as nullable. [C:\Users\udayk\Videos\FENBROWSER\FenBrowser.UI\FenBrowser.UI.csproj]
         C:\Users\udayk\Videos\FENBROWSER\FenBrowser.UI\MainWindow.axaml.cs(28,23): warning CS8618: Non-nullable property 'Title' must contain a non-null value when exiting constructor. Consider adding the 'required' modifier or declaring the property as nullable. [C:\Users\udayk\Videos\FENBROWSER\FenBrowser.UI\FenBrowser.UI.csproj]
         C:\Users\udayk\Videos\FENBROWSER\FenBrowser.UI\MainWindow.axaml.cs(42,25): warning CS8618: Non-nullable property 'Browser' must contain a non-null value when exiting constructor. Consider adding the 'required' modifier or declaring the property as nullable. [C:\Users\udayk\Videos\FENBROWSER\FenBrowser.UI\FenBrowser.UI.csproj]
         C:\Users\udayk\Videos\FENBROWSER\FenBrowser.UI\MainWindow.axaml.cs(43,23): warning CS8618: Non-nullable property 'LastRenderedContent' must contain a non-null value when exiting constructor. Consider adding the 'required' modifier or declaring the property as nullable. [C:\Users\udayk\Videos\FENBROWSER\FenBrowser.UI\FenBrowser.UI.csproj]
         C:\Users\udayk\Videos\FENBROWSER\FenBrowser.UI\MainWindow.axaml.cs(59,29): warning CS8618: Non-nullable property 'DevToolsInstance' must contain a non-null value when exiting constructor. Consider adding the 'required' modifier or declaring the property as nullable. [C:\Users\udayk\Videos\FENBROWSER\FenBrowser.UI\FenBrowser.UI.csproj]
         C:\Users\udayk\Videos\FENBROWSER\FenBrowser.UI\DevToolsView.axaml.cs(62,63): warning CS8622: Nullability of reference types in type of parameter 'sender' of 'void DevToolsView.ConsoleInput_KeyDown(object sender, KeyEventArgs e)' doesn't match the target delegate 'EventHandler<KeyEventArgs>' (possibly because of nullability attributes). [C:\Users\udayk\Videos\FENBROWSER\FenBrowser.UI\FenBrowser.UI.csproj]
         C:\Users\udayk\Videos\FENBROWSER\FenBrowser.UI\DevToolsWindow.axaml.cs(31,13): warning CS8602: Dereference of a possibly null reference. [C:\Users\udayk\Videos\FENBROWSER\FenBrowser.UI\FenBrowser.UI.csproj]
         C:\Users\udayk\Videos\FENBROWSER\FenBrowser.UI\DevToolsWindow.axaml.cs(34,13): warning CS8602: Dereference of a possibly null reference. [C:\Users\udayk\Videos\FENBROWSER\FenBrowser.UI\FenBrowser.UI.csproj]
         C:\Users\udayk\Videos\FENBROWSER\FenBrowser.UI\DevToolsWindow.axaml.cs(34,37): warning CS8622: Nullability of reference types in type of parameter 'sender' of 'void DevToolsWindow.ConsoleInput_KeyDown(object sender, KeyEventArgs e)' doesn't match the target delegate 'EventHandler<KeyEventArgs>' (possibly because of nullability attributes). [C:\Users\udayk\Videos\FENBROWSER\FenBrowser.UI\FenBrowser.UI.csproj]
         C:\Users\udayk\Videos\FENBROWSER\FenBrowser.UI\DevToolsWindow.axaml.cs(37,13): warning CS8602: Dereference of a possibly null reference. [C:\Users\udayk\Videos\FENBROWSER\FenBrowser.UI\FenBrowser.UI.csproj]
         C:\Users\udayk\Videos\FENBROWSER\FenBrowser.UI\DevToolsWindow.axaml.cs(26,16): warning CS8618: Non-nullable field '_browser' must contain a non-null value when exiting constructor. Consider adding the 'required' modifier or declaring the field as nullable. [C:\Users\udayk\Videos\FENBROWSER\FenBrowser.UI\FenBrowser.UI.csproj]
         C:\Users\udayk\Videos\FENBROWSER\FenBrowser.UI\MainWindow.axaml.cs(98,31): warning CS8601: Possible null reference assignment. [C:\Users\udayk\Videos\FENBROWSER\FenBrowser.UI\FenBrowser.UI.csproj]
         C:\Users\udayk\Videos\FENBROWSER\FenBrowser.UI\MainWindow.axaml.cs(99,26): warning CS8601: Possible null reference assignment. [C:\Users\udayk\Videos\FENBROWSER\FenBrowser.UI\FenBrowser.UI.csproj]
         C:\Users\udayk\Videos\FENBROWSER\FenBrowser.UI\MainWindow.axaml.cs(100,33): warning CS8601: Possible null reference assignment. [C:\Users\udayk\Videos\FENBROWSER\FenBrowser.UI\FenBrowser.UI.csproj]
         C:\Users\udayk\Videos\FENBROWSER\FenBrowser.UI\MainWindow.axaml.cs(101,34): warning CS8601: Possible null reference assignment. [C:\Users\udayk\Videos\FENBROWSER\FenBrowser.UI\FenBrowser.UI.csproj]
         C:\Users\udayk\Videos\FENBROWSER\FenBrowser.UI\MainWindow.axaml.cs(102,27): warning CS8601: Possible null reference assignment. [C:\Users\udayk\Videos\FENBROWSER\FenBrowser.UI\FenBrowser.UI.csproj]
         C:\Users\udayk\Videos\FENBROWSER\FenBrowser.UI\MainWindow.axaml.cs(103,27): warning CS8601: Possible null reference assignment. [C:\Users\udayk\Videos\FENBROWSER\FenBrowser.UI\FenBrowser.UI.csproj]
         C:\Users\udayk\Videos\FENBROWSER\FenBrowser.UI\MainWindow.axaml.cs(133,29): warning CS8622: Nullability of reference types in type of parameter 'sender' of 'void MainWindow.OnWindowKeyDown(object sender, KeyEventArgs e)' doesn't match the target delegate 'EventHandler<KeyEventArgs>' (possibly because of nullability attributes). [C:\Users\udayk\Videos\FENBROWSER\FenBrowser.UI\FenBrowser.UI.csproj]
         C:\Users\udayk\Videos\FENBROWSER\FenBrowser.UI\MainWindow.axaml.cs(92,16): warning CS8618: Non-nullable field '_activeBrowser' must contain a non-null value when exiting constructor. Consider adding the 'required' modifier or declaring the field as nullable. [C:\Users\udayk\Videos\FENBROWSER\FenBrowser.UI\FenBrowser.UI.csproj]
         C:\Users\udayk\Videos\FENBROWSER\FenBrowser.UI\MainWindow.axaml.cs(92,16): warning CS8618: Non-nullable field '_webDriver' must contain a non-null value when exiting constructor. Consider adding the 'required' modifier or declaring the field as nullable. [C:\Users\udayk\Videos\FENBROWSER\FenBrowser.UI\FenBrowser.UI.csproj]
         C:\Users\udayk\Videos\FENBROWSER\FenBrowser.UI\MainWindow.axaml.cs(92,16): warning CS8618: Non-nullable field '_extensionsArea' must contain a non-null value when exiting constructor. Consider adding the 'required' modifier or declaring the field as nullable. [C:\Users\udayk\Videos\FENBROWSER\FenBrowser.UI\FenBrowser.UI.csproj]
         C:\Users\udayk\Videos\FENBROWSER\FenBrowser.UI\MainWindow.axaml.cs(92,16): warning CS8618: Non-nullable field '_tabsStrip' must contain a non-null value when exiting constructor. Consider adding the 'required' modifier or declaring the field as nullable. [C:\Users\udayk\Videos\FENBROWSER\FenBrowser.UI\FenBrowser.UI.csproj]
         C:\Users\udayk\Videos\FENBROWSER\FenBrowser.UI\MainWindow.axaml.cs(92,16): warning CS8618: Non-nullable field '_browserContainer' must contain a non-null value when exiting constructor. Consider adding the 'required' modifier or declaring the field as nullable. [C:\Users\udayk\Videos\FENBROWSER\FenBrowser.UI\FenBrowser.UI.csproj]
         C:\Users\udayk\Videos\FENBROWSER\FenBrowser.UI\MainWindow.axaml.cs(92,16): warning CS8618: Non-nullable field '_addressBox' must contain a non-null value when exiting constructor. Consider adding the 'required' modifier or declaring the field as nullable. [C:\Users\udayk\Videos\FENBROWSER\FenBrowser.UI\FenBrowser.UI.csproj]
         C:\Users\udayk\Videos\FENBROWSER\FenBrowser.UI\MainWindow.axaml.cs(92,16): warning CS8618: Non-nullable field '_loadingBar' must contain a non-null value when exiting constructor. Consider adding the 'required' modifier or declaring the field as nullable. [C:\Users\udayk\Videos\FENBROWSER\FenBrowser.UI\FenBrowser.UI.csproj]
         C:\Users\udayk\Videos\FENBROWSER\FenBrowser.UI\MainWindow.axaml.cs(92,16): warning CS8618: Non-nullable field '_devToolsContainer' must contain a non-null value when exiting constructor. Consider adding the 'required' modifier or declaring the field as nullable. [C:\Users\udayk\Videos\FENBROWSER\FenBrowser.UI\FenBrowser.UI.csproj]
         C:\Users\udayk\Videos\FENBROWSER\FenBrowser.UI\DevToolsWindow.axaml.cs(82,21): warning CS8602: Dereference of a possibly null reference. [C:\Users\udayk\Videos\FENBROWSER\FenBrowser.UI\FenBrowser.UI.csproj]
         C:\Users\udayk\Videos\FENBROWSER\FenBrowser.UI\DevToolsWindow.axaml.cs(86,21): warning CS8602: Dereference of a possibly null reference. [C:\Users\udayk\Videos\FENBROWSER\FenBrowser.UI\FenBrowser.UI.csproj]
         C:\Users\udayk\Videos\FENBROWSER\FenBrowser.UI\MainWindow.axaml.cs(303,58): warning CS8604: Possible null reference argument for parameter 'sender' in 'void MainWindow.Refresh_Click(object sender, RoutedEventArgs e)'. [C:\Users\udayk\Videos\FENBROWSER\FenBrowser.UI\FenBrowser.UI.csproj]
         C:\Users\udayk\Videos\FENBROWSER\FenBrowser.UI\WebDriver\WebDriverServer.cs(73,24): warning CS8602: Dereference of a possibly null reference. [C:\Users\udayk\Videos\FENBROWSER\FenBrowser.UI\FenBrowser.UI.csproj]
         C:\Users\udayk\Videos\FENBROWSER\FenBrowser.UI\WebDriver\WebDriverServer.cs(79,39): warning CS8600: Converting null literal or possible null value to non-nullable type. [C:\Users\udayk\Videos\FENBROWSER\FenBrowser.UI\FenBrowser.UI.csproj]
         C:\Users\udayk\Videos\FENBROWSER\FenBrowser.UI\WebDriver\WebDriverServer.cs(88,34): warning CS8625: Cannot convert null literal to non-nullable reference type. [C:\Users\udayk\Videos\FENBROWSER\FenBrowser.UI\FenBrowser.UI.csproj]
         C:\Users\udayk\Videos\FENBROWSER\FenBrowser.UI\WebDriver\WebDriverServer.cs(89,36): warning CS8600: Converting null literal or possible null value to non-nullable type. [C:\Users\udayk\Videos\FENBROWSER\FenBrowser.UI\FenBrowser.UI.csproj]
         C:\Users\udayk\Videos\FENBROWSER\FenBrowser.UI\WebDriver\WebDriverServer.cs(97,104): warning CS8604: Possible null reference argument for parameter 'url' in 'Task<bool> IBrowser.NavigateAsync(string url)'. [C:\Users\udayk\Videos\FENBROWSER\FenBrowser.UI\FenBrowser.UI.csproj]
         C:\Users\udayk\Videos\FENBROWSER\FenBrowser.UI\WebDriver\WebDriverServer.cs(99,36): warning CS8600: Converting null literal or possible null value to non-nullable type. [C:\Users\udayk\Videos\FENBROWSER\FenBrowser.UI\FenBrowser.UI.csproj]
         C:\Users\udayk\Videos\FENBROWSER\FenBrowser.UI\WebDriver\WebDriverServer.cs(120,112): warning CS8604: Possible null reference argument for parameter 'strategy' in 'Task<string> IBrowser.FindElementAsync(string strategy, string value)'. [C:\Users\udayk\Videos\FENBROWSER\FenBrowser.UI\FenBrowser.UI.csproj]
         C:\Users\udayk\Videos\FENBROWSER\FenBrowser.UI\WebDriver\WebDriverServer.cs(120,122): warning CS8604: Possible null reference argument for parameter 'value' in 'Task<string> IBrowser.FindElementAsync(string strategy, string value)'. [C:\Users\udayk\Videos\FENBROWSER\FenBrowser.UI\FenBrowser.UI.csproj]
         C:\Users\udayk\Videos\FENBROWSER\FenBrowser.UI\WebDriver\WebDriverServer.cs(132,40): warning CS8600: Converting null literal or possible null value to non-nullable type. [C:\Users\udayk\Videos\FENBROWSER\FenBrowser.UI\FenBrowser.UI.csproj]
         C:\Users\udayk\Videos\FENBROWSER\FenBrowser.UI\WebDriver\WebDriverServer.cs(144,118): warning CS8604: Possible null reference argument for parameter 'script' in 'Task<object> IBrowser.ExecuteScriptAsync(string script)'. [C:\Users\udayk\Videos\FENBROWSER\FenBrowser.UI\FenBrowser.UI.csproj]
         C:\Users\udayk\Videos\FENBROWSER\FenBrowser.UI\WebDriver\WebDriverServer.cs(153,35): warning CS8604: Possible null reference argument for parameter 'data' in 'void WebDriverServer.SendResponse(HttpListenerResponse res, object data)'. [C:\Users\udayk\Videos\FENBROWSER\FenBrowser.UI\FenBrowser.UI.csproj]
         C:\Users\udayk\Videos\FENBROWSER\FenBrowser.UI\MainWindow.axaml.cs(490,60): warning CS8604: Possible null reference argument for parameter 'sender' in 'void MainWindow.OnSettingsClick(object sender, RoutedEventArgs e)'. [C:\Users\udayk\Videos\FENBROWSER\FenBrowser.UI\FenBrowser.UI.csproj]


       "C:\Users\udayk\Videos\FENBROWSER\FenBrowser.UI\FenBrowser.UI.csproj" (default target) (1:7) ->
       (CoreCompile target) -> 
         C:\Users\udayk\Videos\FENBROWSER\FenBrowser.UI\MainWindow.axaml.cs(138,26): error CS0103: The name 'Key' does not exist in the current context [C:\Users\udayk\Videos\FENBROWSER\FenBrowser.UI\FenBrowser.UI.csproj]
         C:\Users\udayk\Videos\FENBROWSER\FenBrowser.UI\MainWindow.axaml.cs(302,85): error CS0246: The type or namespace name 'KeyGesture' could not be found (are you missing a using directive or an assembly reference?) [C:\Users\udayk\Videos\FENBROWSER\FenBrowser.UI\FenBrowser.UI.csproj]
         C:\Users\udayk\Videos\FENBROWSER\FenBrowser.UI\MainWindow.axaml.cs(302,96): error CS0103: The name 'Key' does not exist in the current context [C:\Users\udayk\Videos\FENBROWSER\FenBrowser.UI\FenBrowser.UI.csproj]
         C:\Users\udayk\Videos\FENBROWSER\FenBrowser.UI\MainWindow.axaml.cs(302,103): error CS0103: The name 'KeyModifiers' does not exist in the current context [C:\Users\udayk\Videos\FENBROWSER\FenBrowser.UI\FenBrowser.UI.csproj]
         C:\Users\udayk\Videos\FENBROWSER\FenBrowser.UI\MainWindow.axaml.cs(308,97): error CS0246: The type or namespace name 'KeyGesture' could not be found (are you missing a using directive or an assembly reference?) [C:\Users\udayk\Videos\FENBROWSER\FenBrowser.UI\FenBrowser.UI.csproj]
         C:\Users\udayk\Videos\FENBROWSER\FenBrowser.UI\MainWindow.axaml.cs(308,108): error CS0103: The name 'Key' does not exist in the current context [C:\Users\udayk\Videos\FENBROWSER\FenBrowser.UI\FenBrowser.UI.csproj]
         C:\Users\udayk\Videos\FENBROWSER\FenBrowser.UI\MainWindow.axaml.cs(308,115): error CS0103: The name 'KeyModifiers' does not exist in the current context [C:\Users\udayk\Videos\FENBROWSER\FenBrowser.UI\FenBrowser.UI.csproj]

    50 Warning(s)
    7 Error(s)

Time Elapsed 00:00:01.10
